
> ez-room-be@1.0.0 test
> node --test "test/*.test.js"

TAP version 13
# Admin error: Error: db fail
#     at mockPrisma.user.findMany (E:\\SEP490\\ez-room-be\\test\\admin.controller.test.js:63:56)
#     at Object.getAllUsers (E:\\SEP490\\ez-room-be\\services\\admin.service.js:679:21)
#     at Object.getAllUsers (E:\\SEP490\\ez-room-be\\controllers\\admin.controller.js:117:43)
#     at TestContext.<anonymous> (E:\\SEP490\\ez-room-be\\test\\admin.controller.test.js:67:20)
#     at Test.runInAsyncScope (node:async_hooks:211:14)
#     at Test.run (node:internal/test_runner/test:934:25)
#     at async Suite.processPendingSubtests (node:internal/test_runner/test:633:7)
# Admin error: Error: Kh├┤ng t├¼m thß║Ñy ng╞░ß╗¥i d├╣ng
#     at Object.getUserById (E:\\SEP490\\ez-room-be\\services\\admin.service.js:776:29)
#     at async Object.getUserById (E:\\SEP490\\ez-room-be\\controllers\\admin.controller.js:132:24)
#     at async TestContext.<anonymous> (E:\\SEP490\\ez-room-be\\test\\admin.controller.test.js:94:9)
#     at async Test.run (node:internal/test_runner/test:935:9)
#     at async Suite.processPendingSubtests (node:internal/test_runner/test:633:7) {
#   statusCode: 404
# }
# Admin error: Error: db fail
#     at mockPrisma.user.findUnique (E:\\SEP490\\ez-room-be\\test\\admin.controller.test.js:99:58)
#     at Object.getUserById (E:\\SEP490\\ez-room-be\\services\\admin.service.js:713:36)
#     at Object.getUserById (E:\\SEP490\\ez-room-be\\controllers\\admin.controller.js:132:43)
#     at TestContext.<anonymous> (E:\\SEP490\\ez-room-be\\test\\admin.controller.test.js:103:20)
#     at Test.runInAsyncScope (node:async_hooks:211:14)
#     at Test.run (node:internal/test_runner/test:934:25)
#     at async Suite.processPendingSubtests (node:internal/test_runner/test:633:7)
# Admin error: Error: Role kh├┤ng hß╗úp lß╗ç. C├íc role hß╗úp lß╗ç: ADMIN, LANDLORD, TENANT, GUEST, MODERATOR
#     at Object.updateUserRole (E:\\SEP490\\ez-room-be\\services\\admin.service.js:797:29)
#     at Object.updateUserRole (E:\\SEP490\\ez-room-be\\controllers\\admin.controller.js:141:43)
#     at TestContext.<anonymous> (E:\\SEP490\\ez-room-be\\test\\admin.controller.test.js:130:20)
#     at Test.runInAsyncScope (node:async_hooks:211:14)
#     at Test.run (node:internal/test_runner/test:934:25)
#     at async Suite.processPendingSubtests (node:internal/test_runner/test:633:7) {
#   statusCode: 400
# }
# Admin error: Error: Bß║ín kh├┤ng thß╗â thay ─æß╗òi role cß╗ºa ch├¡nh m├¼nh
#     at Object.updateUserRole (E:\\SEP490\\ez-room-be\\services\\admin.service.js:805:29)
#     at Object.updateUserRole (E:\\SEP490\\ez-room-be\\controllers\\admin.controller.js:141:43)
#     at TestContext.<anonymous> (E:\\SEP490\\ez-room-be\\test\\admin.controller.test.js:138:20)
#     at Test.runInAsyncScope (node:async_hooks:211:14)
#     at Test.run (node:internal/test_runner/test:934:25)
#     at async Suite.processPendingSubtests (node:internal/test_runner/test:633:7) {
#   statusCode: 403
# }
# Admin error: Error: Kh├┤ng thß╗â thay ─æß╗òi role cß╗ºa Admin kh├íc
#     at Object.updateUserRole (E:\\SEP490\\ez-room-be\\services\\admin.service.js:818:29)
#     at async Object.updateUserRole (E:\\SEP490\\ez-room-be\\controllers\\admin.controller.js:141:24)
#     at async TestContext.<anonymous> (E:\\SEP490\\ez-room-be\\test\\admin.controller.test.js:147:9)
#     at async Test.run (node:internal/test_runner/test:935:9)
#     at async Suite.processPendingSubtests (node:internal/test_runner/test:633:7) {
#   statusCode: 403
# }
# Admin error: Error: Kh├┤ng t├¼m thß║Ñy ng╞░ß╗¥i d├╣ng
#     at Object.updateUserRole (E:\\SEP490\\ez-room-be\\services\\admin.service.js:814:29)
#     at async Object.updateUserRole (E:\\SEP490\\ez-room-be\\controllers\\admin.controller.js:141:24)
#     at async TestContext.<anonymous> (E:\\SEP490\\ez-room-be\\test\\admin.controller.test.js:156:9)
#     at async Test.run (node:internal/test_runner/test:935:9)
#     at async Suite.processPendingSubtests (node:internal/test_runner/test:633:7) {
#   statusCode: 404
# }
# Admin error: Error: db fail
#     at mockPrisma.user.findUnique (E:\\SEP490\\ez-room-be\\test\\admin.controller.test.js:161:58)
#     at Object.updateUserRole (E:\\SEP490\\ez-room-be\\services\\admin.service.js:808:44)
#     at Object.updateUserRole (E:\\SEP490\\ez-room-be\\controllers\\admin.controller.js:141:43)
#     at TestContext.<anonymous> (E:\\SEP490\\ez-room-be\\test\\admin.controller.test.js:165:20)
#     at Test.runInAsyncScope (node:async_hooks:211:14)
#     at Test.run (node:internal/test_runner/test:934:25)
#     at async Suite.processPendingSubtests (node:internal/test_runner/test:633:7)
# Admin error: Error: Status kh├┤ng hß╗úp lß╗ç. C├íc status hß╗úp lß╗ç: ACTIVE, INACTIVE, SUSPENDED, BANNED
#     at Object.updateUserStatus (E:\\SEP490\\ez-room-be\\services\\admin.service.js:844:29)
#     at Object.updateUserStatus (E:\\SEP490\\ez-room-be\\controllers\\admin.controller.js:154:43)
#     at TestContext.<anonymous> (E:\\SEP490\\ez-room-be\\test\\admin.controller.test.js:192:20)
#     at Test.runInAsyncScope (node:async_hooks:211:14)
#     at Test.run (node:internal/test_runner/test:934:25)
#     at async Suite.processPendingSubtests (node:internal/test_runner/test:633:7) {
#   statusCode: 400
# }
# Admin error: Error: Bß║ín kh├┤ng thß╗â thay ─æß╗òi status cß╗ºa ch├¡nh m├¼nh
#     at Object.updateUserStatus (E:\\SEP490\\ez-room-be\\services\\admin.service.js:852:29)
#     at Object.updateUserStatus (E:\\SEP490\\ez-room-be\\controllers\\admin.controller.js:154:43)
#     at TestContext.<anonymous> (E:\\SEP490\\ez-room-be\\test\\admin.controller.test.js:200:20)
#     at Test.runInAsyncScope (node:async_hooks:211:14)
#     at Test.run (node:internal/test_runner/test:934:25)
#     at async Suite.processPendingSubtests (node:internal/test_runner/test:633:7) {
#   statusCode: 403
# }
# Admin error: Error: Kh├┤ng thß╗â thay ─æß╗òi status cß╗ºa Admin kh├íc
#     at Object.updateUserStatus (E:\\SEP490\\ez-room-be\\services\\admin.service.js:865:29)
#     at async Object.updateUserStatus (E:\\SEP490\\ez-room-be\\controllers\\admin.controller.js:154:24)
#     at async TestContext.<anonymous> (E:\\SEP490\\ez-room-be\\test\\admin.controller.test.js:209:9)
#     at async Test.run (node:internal/test_runner/test:935:9)
#     at async Suite.processPendingSubtests (node:internal/test_runner/test:633:7) {
#   statusCode: 403
# }
# Admin error: Error: Kh├┤ng t├¼m thß║Ñy ng╞░ß╗¥i d├╣ng
#     at Object.updateUserStatus (E:\\SEP490\\ez-room-be\\services\\admin.service.js:861:29)
#     at async Object.updateUserStatus (E:\\SEP490\\ez-room-be\\controllers\\admin.controller.js:154:24)
#     at async TestContext.<anonymous> (E:\\SEP490\\ez-room-be\\test\\admin.controller.test.js:218:9)
#     at async Test.run (node:internal/test_runner/test:935:9)
#     at async Suite.processPendingSubtests (node:internal/test_runner/test:633:7) {
#   statusCode: 404
# }
# Admin error: Error: db fail
#     at mockPrisma.user.findUnique (E:\\SEP490\\ez-room-be\\test\\admin.controller.test.js:223:58)
#     at Object.updateUserStatus (E:\\SEP490\\ez-room-be\\services\\admin.service.js:855:44)
#     at Object.updateUserStatus (E:\\SEP490\\ez-room-be\\controllers\\admin.controller.js:154:43)
#     at TestContext.<anonymous> (E:\\SEP490\\ez-room-be\\test\\admin.controller.test.js:227:20)
#     at Test.runInAsyncScope (node:async_hooks:211:14)
#     at Test.run (node:internal/test_runner/test:934:25)
#     at async Suite.processPendingSubtests (node:internal/test_runner/test:633:7)
# Admin error: Error: db fail
#     at mockPrisma.user.count (E:\\SEP490\\ez-room-be\\test\\admin.controller.test.js:260:53)
#     at Object.getDashboardStats (E:\\SEP490\\ez-room-be\\services\\admin.service.js:905:21)
#     at Object.getDashboardStats (E:\\SEP490\\ez-room-be\\controllers\\admin.controller.js:167:43)
#     at TestContext.<anonymous> (E:\\SEP490\\ez-room-be\\test\\admin.controller.test.js:264:20)
#     at Test.runInAsyncScope (node:async_hooks:211:14)
#     at Test.run (node:internal/test_runner/test:934:25)
#     at async Suite.processPendingSubtests (node:internal/test_runner/test:633:7)
# Subtest: Admin > getAllUsers
    # Subtest: should return paginated users
    ok 1 - should return paginated users
      ---
      duration_ms: 7.5298
      ...
    # Subtest: should filter by role
    ok 2 - should filter by role
      ---
      duration_ms: 1.3539
      ...
    # Subtest: should search by keyword
    ok 3 - should search by keyword
      ---
      duration_ms: 1.0972
      ...
    # Subtest: should return 500 on DB error
    ok 4 - should return 500 on DB error
      ---
      duration_ms: 2.3449
      ...
    1..4
ok 1 - Admin > getAllUsers
  ---
  duration_ms: 13.7876
  type: 'suite'
  ...
# Subtest: Admin > getUserById
    # Subtest: should return user detail
    ok 1 - should return user detail
      ---
      duration_ms: 2.5789
      ...
    # Subtest: should return 404 when user not found
    ok 2 - should return 404 when user not found
      ---
      duration_ms: 1.4822
      ...
    # Subtest: should return 500 on DB error
    ok 3 - should return 500 on DB error
      ---
      duration_ms: 1.5713
      ...
    1..3
ok 2 - Admin > getUserById
  ---
  duration_ms: 6.1222
  type: 'suite'
  ...
# Subtest: Admin > updateUserRole
    # Subtest: should update role successfully
    ok 1 - should update role successfully
      ---
      duration_ms: 1.3341
      ...
    # Subtest: should reject invalid role
    ok 2 - should reject invalid role
      ---
      duration_ms: 1.2546
      ...
    # Subtest: should reject self role change
    ok 3 - should reject self role change
      ---
      duration_ms: 1.103
      ...
    # Subtest: should reject changing other admin role
    ok 4 - should reject changing other admin role
      ---
      duration_ms: 1.0709
      ...
    # Subtest: should return 404 when user not found
    ok 5 - should return 404 when user not found
      ---
      duration_ms: 1.0937
      ...
    # Subtest: should return 500 on DB error
    ok 6 - should return 500 on DB error
      ---
      duration_ms: 1.1305
      ...
    1..6
ok 3 - Admin > updateUserRole
  ---
  duration_ms: 7.4612
  type: 'suite'
  ...
# Subtest: Admin > updateUserStatus
    # Subtest: should update status successfully
    ok 1 - should update status successfully
      ---
      duration_ms: 1.7157
      ...
    # Subtest: should reject invalid status
    ok 2 - should reject invalid status
      ---
      duration_ms: 1.3678
      ...
    # Subtest: should reject self status change
    ok 3 - should reject self status change
      ---
      duration_ms: 1.3046
      ...
    # Subtest: should reject changing other admin status
    ok 4 - should reject changing other admin status
      ---
      duration_ms: 0.9456
      ...
    # Subtest: should return 404 when user not found
    ok 5 - should return 404 when user not found
      ---
      duration_ms: 1.0465
      ...
    # Subtest: should return 500 on DB error
    ok 6 - should return 500 on DB error
      ---
      duration_ms: 1.0691
      ...
    1..6
ok 4 - Admin > updateUserStatus
  ---
  duration_ms: 7.7896
  type: 'suite'
  ...
# Subtest: Admin > getDashboardStats
    # Subtest: should return dashboard stats
    ok 1 - should return dashboard stats
      ---
      duration_ms: 4.5098
      ...
    # Subtest: should return 500 on DB error
    ok 2 - should return 500 on DB error
      ---
      duration_ms: 1.8333
      ...
    1..2
ok 5 - Admin > getDashboardStats
  ---
  duration_ms: 6.5278
  type: 'suite'
  ...
# Amenities error: Error: db
#     at mockPrisma.amenities.findMany (E:\\SEP490\\ez-room-be\\test\\amenities.controller.test.js:46:61)
#     at Object.getAllAmenities (E:\\SEP490\\ez-room-be\\services\\amenities.service.js:21:46)
#     at Object.getAllAmenities (E:\\SEP490\\ez-room-be\\controllers\\amenities.controller.js:16:47)
#     at TestContext.<anonymous> (E:\\SEP490\\ez-room-be\\test\\amenities.controller.test.js:50:20)
#     at Test.runInAsyncScope (node:async_hooks:211:14)
#     at Test.run (node:internal/test_runner/test:934:25)
#     at async Suite.processPendingSubtests (node:internal/test_runner/test:633:7)
# Amenities error: Error: Kh├┤ng t├¼m thß║Ñy tiß╗çn ├¡ch
#     at Object.getAmenityById (E:\\SEP490\\ez-room-be\\services\\amenities.service.js:44:29)
#     at async Object.getAmenityById (E:\\SEP490\\ez-room-be\\controllers\\amenities.controller.js:29:24)
#     at async TestContext.<anonymous> (E:\\SEP490\\ez-room-be\\test\\amenities.controller.test.js:78:9)
#     at async Test.run (node:internal/test_runner/test:935:9)
#     at async Suite.processPendingSubtests (node:internal/test_runner/test:633:7) {
#   statusCode: 404
# }
# Amenities error: Error: db
#     at mockPrisma.amenities.findUnique (E:\\SEP490\\ez-room-be\\test\\amenities.controller.test.js:83:63)
#     at Object.getAmenityById (E:\\SEP490\\ez-room-be\\services\\amenities.service.js:34:44)
#     at Object.getAmenityById (E:\\SEP490\\ez-room-be\\controllers\\amenities.controller.js:29:47)
#     at TestContext.<anonymous> (E:\\SEP490\\ez-room-be\\test\\amenities.controller.test.js:87:20)
#     at Test.runInAsyncScope (node:async_hooks:211:14)
#     at Test.run (node:internal/test_runner/test:934:25)
#     at async Suite.processPendingSubtests (node:internal/test_runner/test:633:7)
# Amenities error: Error: T├¬n tiß╗çn ├¡ch kh├┤ng ─æ╞░ß╗úc ─æß╗â trß╗æng
#     at Object.createAmenity (E:\\SEP490\\ez-room-be\\services\\amenities.service.js:60:29)
#     at Object.createAmenity (E:\\SEP490\\ez-room-be\\controllers\\amenities.controller.js:38:47)
#     at TestContext.<anonymous> (E:\\SEP490\\ez-room-be\\test\\amenities.controller.test.js:114:20)
#     at Test.runInAsyncScope (node:async_hooks:211:14)
#     at Test.run (node:internal/test_runner/test:934:25)
#     at async Suite.processPendingSubtests (node:internal/test_runner/test:633:7) {
#   statusCode: 400
# }
# Amenities error: Error: T├¬n tiß╗çn ├¡ch kh├┤ng ─æ╞░ß╗úc ─æß╗â trß╗æng
#     at Object.createAmenity (E:\\SEP490\\ez-room-be\\services\\amenities.service.js:60:29)
#     at Object.createAmenity (E:\\SEP490\\ez-room-be\\controllers\\amenities.controller.js:38:47)
#     at TestContext.<anonymous> (E:\\SEP490\\ez-room-be\\test\\amenities.controller.test.js:122:20)
#     at Test.runInAsyncScope (node:async_hooks:211:14)
#     at Test.run (node:internal/test_runner/test:934:25)
#     at async Suite.processPendingSubtests (node:internal/test_runner/test:633:7) {
#   statusCode: 400
# }
# Amenities error: Error: T├¬n tiß╗çn ├¡ch kh├┤ng ─æ╞░ß╗úc qu├í 100 k├╜ tß╗▒
#     at Object.createAmenity (E:\\SEP490\\ez-room-be\\services\\amenities.service.js:65:29)
#     at Object.createAmenity (E:\\SEP490\\ez-room-be\\controllers\\amenities.controller.js:38:47)
#     at TestContext.<anonymous> (E:\\SEP490\\ez-room-be\\test\\amenities.controller.test.js:130:20)
#     at Test.runInAsyncScope (node:async_hooks:211:14)
#     at Test.run (node:internal/test_runner/test:934:25)
#     at async Suite.processPendingSubtests (node:internal/test_runner/test:633:7) {
#   statusCode: 400
# }
# Amenities error: Error: Tiß╗çn ├¡ch "WiFi" ─æ├ú tß╗ôn tß║íi
#     at Object.createAmenity (E:\\SEP490\\ez-room-be\\services\\amenities.service.js:73:29)
#     at async Object.createAmenity (E:\\SEP490\\ez-room-be\\controllers\\amenities.controller.js:38:24)
#     at async TestContext.<anonymous> (E:\\SEP490\\ez-room-be\\test\\amenities.controller.test.js:147:9)
#     at async Test.run (node:internal/test_runner/test:935:9)
#     at async Suite.processPendingSubtests (node:internal/test_runner/test:633:7) {
#   statusCode: 409
# }
# Amenities error: Error: db
#     at mockPrisma.amenities.create (E:\\SEP490\\ez-room-be\\test\\amenities.controller.test.js:152:59)
#     at Object.createAmenity (E:\\SEP490\\ez-room-be\\services\\amenities.service.js:76:44)
#     at async Object.createAmenity (E:\\SEP490\\ez-room-be\\controllers\\amenities.controller.js:38:24)
#     at async TestContext.<anonymous> (E:\\SEP490\\ez-room-be\\test\\amenities.controller.test.js:156:9)
#     at async Test.run (node:internal/test_runner/test:935:9)
#     at async Suite.processPendingSubtests (node:internal/test_runner/test:633:7)
# Amenities error: Error: Kh├┤ng t├¼m thß║Ñy tiß╗çn ├¡ch
#     at Object.updateAmenity (E:\\SEP490\\ez-room-be\\services\\amenities.service.js:96:29)
#     at async Object.updateAmenity (E:\\SEP490\\ez-room-be\\controllers\\amenities.controller.js:47:24)
#     at async TestContext.<anonymous> (E:\\SEP490\\ez-room-be\\test\\amenities.controller.test.js:184:9)
#     at async Test.run (node:internal/test_runner/test:935:9)
#     at async Suite.processPendingSubtests (node:internal/test_runner/test:633:7) {
#   statusCode: 404
# }
# Amenities error: Error: T├¬n tiß╗çn ├¡ch kh├┤ng ─æ╞░ß╗úc ─æß╗â trß╗æng
#     at Object.updateAmenity (E:\\SEP490\\ez-room-be\\services\\amenities.service.js:100:29)
#     at async Object.updateAmenity (E:\\SEP490\\ez-room-be\\controllers\\amenities.controller.js:47:24)
#     at async TestContext.<anonymous> (E:\\SEP490\\ez-room-be\\test\\amenities.controller.test.js:192:9)
#     at async Test.run (node:internal/test_runner/test:935:9)
#     at async Suite.processPendingSubtests (node:internal/test_runner/test:633:7) {
#   statusCode: 400
# }
# Amenities error: Error: T├¬n tiß╗çn ├¡ch kh├┤ng ─æ╞░ß╗úc qu├í 100 k├╜ tß╗▒
#     at Object.updateAmenity (E:\\SEP490\\ez-room-be\\services\\amenities.service.js:105:29)
#     at async Object.updateAmenity (E:\\SEP490\\ez-room-be\\controllers\\amenities.controller.js:47:24)
#     at async TestContext.<anonymous> (E:\\SEP490\\ez-room-be\\test\\amenities.controller.test.js:200:9)
#     at async Test.run (node:internal/test_runner/test:935:9)
#     at async Suite.processPendingSubtests (node:internal/test_runner/test:633:7) {
#   statusCode: 400
# }
# Amenities error: Error: Tiß╗çn ├¡ch "Pool" ─æ├ú tß╗ôn tß║íi
#     at Object.updateAmenity (E:\\SEP490\\ez-room-be\\services\\amenities.service.js:116:29)
#     at async Object.updateAmenity (E:\\SEP490\\ez-room-be\\controllers\\amenities.controller.js:47:24)
#     at async TestContext.<anonymous> (E:\\SEP490\\ez-room-be\\test\\amenities.controller.test.js:209:9)
#     at async Test.run (node:internal/test_runner/test:935:9)
#     at async Suite.processPendingSubtests (node:internal/test_runner/test:633:7) {
#   statusCode: 409
# }
# Amenities error: Error: db
#     at mockPrisma.amenities.update (E:\\SEP490\\ez-room-be\\test\\amenities.controller.test.js:214:59)
#     at Object.updateAmenity (E:\\SEP490\\ez-room-be\\services\\amenities.service.js:119:44)
#     at async Object.updateAmenity (E:\\SEP490\\ez-room-be\\controllers\\amenities.controller.js:47:24)
#     at async TestContext.<anonymous> (E:\\SEP490\\ez-room-be\\test\\amenities.controller.test.js:218:9)
#     at async Test.run (node:internal/test_runner/test:935:9)
#     at async Suite.processPendingSubtests (node:internal/test_runner/test:633:7)
# Deleting amenity "WiFi" which is used by 2 rooms
# Amenities error: Error: Kh├┤ng t├¼m thß║Ñy tiß╗çn ├¡ch
#     at Object.deleteAmenity (E:\\SEP490\\ez-room-be\\services\\amenities.service.js:143:29)
#     at async Object.deleteAmenity (E:\\SEP490\\ez-room-be\\controllers\\amenities.controller.js:56:24)
#     at async TestContext.<anonymous> (E:\\SEP490\\ez-room-be\\test\\amenities.controller.test.js:258:9)
#     at async Test.run (node:internal/test_runner/test:935:9)
#     at async Suite.processPendingSubtests (node:internal/test_runner/test:633:7) {
#   statusCode: 404
# }
# Amenities error: Error: db
#     at mockPrisma.amenities.delete (E:\\SEP490\\ez-room-be\\test\\amenities.controller.test.js:263:59)
#     at Object.deleteAmenity (E:\\SEP490\\ez-room-be\\services\\amenities.service.js:151:34)
#     at async Object.deleteAmenity (E:\\SEP490\\ez-room-be\\controllers\\amenities.controller.js:56:24)
#     at async TestContext.<anonymous> (E:\\SEP490\\ez-room-be\\test\\amenities.controller.test.js:267:9)
#     at async Test.run (node:internal/test_runner/test:935:9)
#     at async Suite.processPendingSubtests (node:internal/test_runner/test:633:7)
# Subtest: Amenities > getAllAmenities
    # Subtest: should return amenities from DB
    ok 1 - should return amenities from DB
      ---
      duration_ms: 4.8532
      ...
    # Subtest: should return cached data if available
    ok 2 - should return cached data if available
      ---
      duration_ms: 1.3896
      ...
    # Subtest: should return 500 on error
    ok 3 - should return 500 on error
      ---
      duration_ms: 1.9773
      ...
    1..3
ok 6 - Amenities > getAllAmenities
  ---
  duration_ms: 9.5705
  type: 'suite'
  ...
# Subtest: Amenities > getAmenityById
    # Subtest: should return amenity with room count
    ok 1 - should return amenity with room count
      ---
      duration_ms: 1.9589
      ...
    # Subtest: should return 404 when not found
    ok 2 - should return 404 when not found
      ---
      duration_ms: 1.4677
      ...
    # Subtest: should return 500 on error
    ok 3 - should return 500 on error
      ---
      duration_ms: 2.1827
      ...
    1..3
ok 7 - Amenities > getAmenityById
  ---
  duration_ms: 5.9348
  type: 'suite'
  ...
# Subtest: Amenities > createAmenity
    # Subtest: should create amenity
    ok 1 - should create amenity
      ---
      duration_ms: 1.1751
      ...
    # Subtest: should reject empty name
    ok 2 - should reject empty name
      ---
      duration_ms: 1.0595
      ...
    # Subtest: should reject missing name
    ok 3 - should reject missing name
      ---
      duration_ms: 1.2287
      ...
    # Subtest: should reject name longer than 100 chars
    ok 4 - should reject name longer than 100 chars
      ---
      duration_ms: 1.1663
      ...
    # Subtest: should trim name
    ok 5 - should trim name
      ---
      duration_ms: 0.7672
      ...
    # Subtest: should return 409 on duplicate
    ok 6 - should return 409 on duplicate
      ---
      duration_ms: 0.9655
      ...
    # Subtest: should return 500 on DB error
    ok 7 - should return 500 on DB error
      ---
      duration_ms: 1.1431
      ...
    1..7
ok 8 - Amenities > createAmenity
  ---
  duration_ms: 8.0702
  type: 'suite'
  ...
# Subtest: Amenities > updateAmenity
    # Subtest: should update amenity name
    ok 1 - should update amenity name
      ---
      duration_ms: 1.1058
      ...
    # Subtest: should return 404 when not found
    ok 2 - should return 404 when not found
      ---
      duration_ms: 1.5073
      ...
    # Subtest: should reject empty name
    ok 3 - should reject empty name
      ---
      duration_ms: 1.2163
      ...
    # Subtest: should reject name > 100 chars
    ok 4 - should reject name > 100 chars
      ---
      duration_ms: 0.8954
      ...
    # Subtest: should return 409 on duplicate name
    ok 5 - should return 409 on duplicate name
      ---
      duration_ms: 1.0977
      ...
    # Subtest: should return 500 on error
    ok 6 - should return 500 on error
      ---
      duration_ms: 1.8892
      ...
    1..6
ok 9 - Amenities > updateAmenity
  ---
  duration_ms: 9.9995
  type: 'suite'
  ...
# Subtest: Amenities > deleteAmenity
    # Subtest: should delete amenity
    ok 1 - should delete amenity
      ---
      duration_ms: 1.9662
      ...
    # Subtest: should warn when amenity is in use
    ok 2 - should warn when amenity is in use
      ---
      duration_ms: 2.7323
      ...
    # Subtest: should return 404 when not found
    ok 3 - should return 404 when not found
      ---
      duration_ms: 2.5496
      ...
    # Subtest: should return 500 on error
    ok 4 - should return 500 on error
      ---
      duration_ms: 1.5508
      ...
    1..4
ok 10 - Amenities > deleteAmenity
  ---
  duration_ms: 9.1281
  type: 'suite'
  ...
# [Register] Error: Cannot read properties of undefined (reading 'trim')
# Auth error: TypeError: Cannot read properties of undefined (reading 'trim')
#     at Object.register (E:\\SEP490\\ez-room-be\\services\\auth.service.js:139:35)
#     at Object.register (E:\\SEP490\\ez-room-be\\controllers\\auth.controller.js:18:42)
#     at TestContext.<anonymous> (E:\\SEP490\\ez-room-be\\test\\auth.controller.test.js:97:20)
#     at Test.runInAsyncScope (node:async_hooks:211:14)
#     at Test.run (node:internal/test_runner/test:934:25)
#     at async Suite.processPendingSubtests (node:internal/test_runner/test:633:7)
# [Register] Error: Email ─æ├ú ─æ╞░ß╗úc sß╗¡ dß╗Ñng
# Auth error: Error: Email ─æ├ú ─æ╞░ß╗úc sß╗¡ dß╗Ñng
#     at Object.register (E:\\SEP490\\ez-room-be\\services\\auth.service.js:148:29)
#     at async Object.register (E:\\SEP490\\ez-room-be\\controllers\\auth.controller.js:18:24)
#     at async TestContext.<anonymous> (E:\\SEP490\\ez-room-be\\test\\auth.controller.test.js:108:9)
#     at async Test.run (node:internal/test_runner/test:935:9)
#     at async Suite.processPendingSubtests (node:internal/test_runner/test:633:7) {
#   statusCode: 409
# }
# [Register] Error: db fail
# Auth error: Error: db fail
#     at mockPrisma.user.create (E:\\SEP490\\ez-room-be\\test\\auth.controller.test.js:114:54)
#     at Object.register (E:\\SEP490\\ez-room-be\\services\\auth.service.js:154:39)
#     at async Object.register (E:\\SEP490\\ez-room-be\\controllers\\auth.controller.js:18:24)
#     at async TestContext.<anonymous> (E:\\SEP490\\ez-room-be\\test\\auth.controller.test.js:120:9)
#     at async Test.run (node:internal/test_runner/test:935:9)
#     at async Suite.processPendingSubtests (node:internal/test_runner/test:633:7)
# Auth error: Error: Email hoß║╖c mß║¡t khß║⌐u kh├┤ng ─æ├║ng
#     at Object.login (E:\\SEP490\\ez-room-be\\services\\auth.service.js:234:29)
#     at async Object.login (E:\\SEP490\\ez-room-be\\controllers\\auth.controller.js:35:24)
#     at async TestContext.<anonymous> (E:\\SEP490\\ez-room-be\\test\\auth.controller.test.js:163:9)
#     at async Test.run (node:internal/test_runner/test:935:9)
#     at async Suite.processPendingSubtests (node:internal/test_runner/test:633:7) {
#   statusCode: 401
# }
# Auth error: Error: Email hoß║╖c mß║¡t khß║⌐u kh├┤ng ─æ├║ng
#     at Object.login (E:\\SEP490\\ez-room-be\\services\\auth.service.js:239:29)
#     at async Object.login (E:\\SEP490\\ez-room-be\\controllers\\auth.controller.js:35:24)
#     at async TestContext.<anonymous> (E:\\SEP490\\ez-room-be\\test\\auth.controller.test.js:172:9)
#     at async Test.run (node:internal/test_runner/test:935:9)
#     at async Suite.processPendingSubtests (node:internal/test_runner/test:633:7) {
#   statusCode: 401
# }
# Auth error: Error: T├ái khoß║ún ─æ├ú bß╗ï kh├│a hoß║╖c tß║ím ng╞░ng
#     at Object.login (E:\\SEP490\\ez-room-be\\services\\auth.service.js:243:29)
#     at async Object.login (E:\\SEP490\\ez-room-be\\controllers\\auth.controller.js:35:24)
#     at async TestContext.<anonymous> (E:\\SEP490\\ez-room-be\\test\\auth.controller.test.js:181:9)
#     at async Test.run (node:internal/test_runner/test:935:9)
#     at async Suite.processPendingSubtests (node:internal/test_runner/test:633:7) {
#   statusCode: 403
# }
# Auth error: TypeError: Cannot read properties of undefined (reading 'trim')
#     at Object.login (E:\\SEP490\\ez-room-be\\services\\auth.service.js:227:35)
#     at Object.login (E:\\SEP490\\ez-room-be\\controllers\\auth.controller.js:35:42)
#     at TestContext.<anonymous> (E:\\SEP490\\ez-room-be\\test\\auth.controller.test.js:190:20)
#     at Test.runInAsyncScope (node:async_hooks:211:14)
#     at Test.run (node:internal/test_runner/test:934:25)
#     at async Suite.processPendingSubtests (node:internal/test_runner/test:633:7)
# Auth error: Error: db fail
#     at mockPrisma.user.findUnique (E:\\SEP490\\ez-room-be\\test\\auth.controller.test.js:195:58)
#     at Object.login (E:\\SEP490\\ez-room-be\\services\\auth.service.js:229:36)
#     at Object.login (E:\\SEP490\\ez-room-be\\controllers\\auth.controller.js:35:42)
#     at TestContext.<anonymous> (E:\\SEP490\\ez-room-be\\test\\auth.controller.test.js:199:20)
#     at Test.runInAsyncScope (node:async_hooks:211:14)
#     at Test.run (node:internal/test_runner/test:934:25)
#     at async Suite.processPendingSubtests (node:internal/test_runner/test:633:7)
# [Forgot password] Reset link for test@example.com : http://localhost:5174/reset-password?token=mock-token
# Auth error: Error: Link ─æß║╖t lß║íi mß║¡t khß║⌐u kh├┤ng hß╗úp lß╗ç hoß║╖c ─æ├ú hß║┐t hß║ín. Vui l├▓ng y├¬u cß║ºu gß╗¡i lß║íi.
#     at Object.resetPassword (E:\\SEP490\\ez-room-be\\services\\auth.service.js:341:13)
#     at Object.resetPassword (E:\\SEP490\\ez-room-be\\controllers\\auth.controller.js:63:42)
#     at TestContext.<anonymous> (E:\\SEP490\\ez-room-be\\test\\auth.controller.test.js:284:20)
#     at Test.runInAsyncScope (node:async_hooks:211:14)
#     at Test.run (node:internal/test_runner/test:934:25)
#     at async Suite.processPendingSubtests (node:internal/test_runner/test:633:7) {
#   statusCode: 400
# }
# Auth error: Error: Link kh├┤ng hß╗úp lß╗ç.
#     at Object.resetPassword (E:\\SEP490\\ez-room-be\\services\\auth.service.js:347:29)
#     at Object.resetPassword (E:\\SEP490\\ez-room-be\\controllers\\auth.controller.js:63:42)
#     at TestContext.<anonymous> (E:\\SEP490\\ez-room-be\\test\\auth.controller.test.js:292:20)
#     at Test.runInAsyncScope (node:async_hooks:211:14)
#     at Test.run (node:internal/test_runner/test:934:25)
#     at async Suite.processPendingSubtests (node:internal/test_runner/test:633:7) {
#   statusCode: 400
# }
# Auth error: Error: T├ái khoß║ún kh├┤ng tß╗ôn tß║íi hoß║╖c ─æ├ú bß╗ï kh├│a.
#     at Object.resetPassword (E:\\SEP490\\ez-room-be\\services\\auth.service.js:355:29)
#     at async Object.resetPassword (E:\\SEP490\\ez-room-be\\controllers\\auth.controller.js:63:24)
#     at async TestContext.<anonymous> (E:\\SEP490\\ez-room-be\\test\\auth.controller.test.js:301:9)
#     at async Test.run (node:internal/test_runner/test:935:9)
#     at async Suite.processPendingSubtests (node:internal/test_runner/test:633:7) {
#   statusCode: 400
# }
# Auth error: Error: Link ─æß║╖t lß║íi mß║¡t khß║⌐u kh├┤ng hß╗úp lß╗ç hoß║╖c ─æ├ú hß║┐t hß║ín. Vui l├▓ng y├¬u cß║ºu gß╗¡i lß║íi.
#     at Object.resetPassword (E:\\SEP490\\ez-room-be\\services\\auth.service.js:341:13)
#     at Object.resetPassword (E:\\SEP490\\ez-room-be\\controllers\\auth.controller.js:63:42)
#     at TestContext.<anonymous> (E:\\SEP490\\ez-room-be\\test\\auth.controller.test.js:310:20)
#     at Test.runInAsyncScope (node:async_hooks:211:14)
#     at Test.run (node:internal/test_runner/test:934:25)
#     at async Suite.processPendingSubtests (node:internal/test_runner/test:633:7) {
#   statusCode: 400
# }
# Auth error: Error: db fail
#     at mockPrisma.user.findUnique (E:\\SEP490\\ez-room-be\\test\\auth.controller.test.js:315:58)
#     at Object.resetPassword (E:\\SEP490\\ez-room-be\\services\\auth.service.js:350:36)
#     at Object.resetPassword (E:\\SEP490\\ez-room-be\\controllers\\auth.controller.js:63:42)
#     at TestContext.<anonymous> (E:\\SEP490\\ez-room-be\\test\\auth.controller.test.js:319:20)
#     at Test.runInAsyncScope (node:async_hooks:211:14)
#     at Test.run (node:internal/test_runner/test:934:25)
#     at async Suite.processPendingSubtests (node:internal/test_runner/test:633:7)
# Auth error: Error: T├ái khoß║ún kh├┤ng tß╗ôn tß║íi hoß║╖c ─æ├ú bß╗ï kh├│a.
#     at Object.resetPassword (E:\\SEP490\\ez-room-be\\services\\auth.service.js:355:29)
#     at async Object.resetPassword (E:\\SEP490\\ez-room-be\\controllers\\auth.controller.js:63:24)
#     at async TestContext.<anonymous> (E:\\SEP490\\ez-room-be\\test\\auth.controller.test.js:328:9)
#     at async Test.run (node:internal/test_runner/test:935:9)
#     at async Suite.processPendingSubtests (node:internal/test_runner/test:633:7) {
#   statusCode: 400
# }
# Auth error: Error: Email ─æ├ú ─æ╞░ß╗úc sß╗¡ dß╗Ñng.
#     at Object.registerOAuth (E:\\SEP490\\ez-room-be\\services\\auth.service.js:386:29)
#     at async Object.registerOAuth (E:\\SEP490\\ez-room-be\\controllers\\auth.controller.js:75:24)
#     at async TestContext.<anonymous> (E:\\SEP490\\ez-room-be\\test\\auth.controller.test.js:357:9)
#     at async Test.run (node:internal/test_runner/test:935:9)
#     at async Suite.processPendingSubtests (node:internal/test_runner/test:633:7) {
#   statusCode: 409
# }
# Auth error: Error: db fail
#     at mockPrisma.user.create (E:\\SEP490\\ez-room-be\\test\\auth.controller.test.js:371:54)
#     at Object.registerOAuth (E:\\SEP490\\ez-room-be\\services\\auth.service.js:393:39)
#     at async Object.registerOAuth (E:\\SEP490\\ez-room-be\\controllers\\auth.controller.js:75:24)
#     at async TestContext.<anonymous> (E:\\SEP490\\ez-room-be\\test\\auth.controller.test.js:375:9)
#     at async Test.run (node:internal/test_runner/test:935:9)
#     at async Suite.processPendingSubtests (node:internal/test_runner/test:633:7)
# Subtest: Auth > register
    # Subtest: should register successfully
    ok 1 - should register successfully
      ---
      duration_ms: 40.1375
      ...
    # Subtest: should return 400 on validation failure
    not ok 2 - should return 400 on validation failure
      ---
      duration_ms: 12.6185
      location: 'E:\\SEP490\\ez-room-be\\test\\auth.controller.test.js:92:5'
      failureType: 'testCodeFailure'
      error: |-
        Expected values to be strictly equal:
        
        500 !== 400
        
      code: 'ERR_ASSERTION'
      name: 'AssertionError'
      expected: 400
      actual: 500
      operator: 'strictEqual'
      stack: |-
        TestContext.<anonymous> (E:\SEP490\ez-room-be\test\auth.controller.test.js:98:16)
        async Test.run (node:internal/test_runner/test:935:9)
        async Suite.processPendingSubtests (node:internal/test_runner/test:633:7)
      ...
    # Subtest: should return 409 when email already exists
    ok 3 - should return 409 when email already exists
      ---
      duration_ms: 2.7337
      ...
    # Subtest: should return 500 on DB error
    ok 4 - should return 500 on DB error
      ---
      duration_ms: 2.625
      ...
    # Subtest: should set role to LANDLORD when requested
    ok 5 - should set role to LANDLORD when requested
      ---
      duration_ms: 5.9428
      ...
    1..5
not ok 11 - Auth > register
  ---
  duration_ms: 66.2527
  type: 'suite'
  location: 'E:\\SEP490\\ez-room-be\\test\\auth.controller.test.js:72:1'
  failureType: 'subtestsFailed'
  error: '1 subtest failed'
  code: 'ERR_TEST_FAILURE'
  ...
# Subtest: Auth > login
    # Subtest: should login successfully
    ok 1 - should login successfully
      ---
      duration_ms: 2.5358
      ...
    # Subtest: should return 401 for wrong email
    ok 2 - should return 401 for wrong email
      ---
      duration_ms: 1.6206
      ...
    # Subtest: should return 401 for wrong password
    ok 3 - should return 401 for wrong password
      ---
      duration_ms: 1.8234
      ...
    # Subtest: should return 403 for inactive user
    ok 4 - should return 403 for inactive user
      ---
      duration_ms: 1.917
      ...
    # Subtest: should return 400 on validation failure
    not ok 5 - should return 400 on validation failure
      ---
      duration_ms: 1.8928
      location: 'E:\\SEP490\\ez-room-be\\test\\auth.controller.test.js:185:5'
      failureType: 'testCodeFailure'
      error: |-
        Expected values to be strictly equal:
        
        500 !== 400
        
      code: 'ERR_ASSERTION'
      name: 'AssertionError'
      expected: 400
      actual: 500
      operator: 'strictEqual'
      stack: |-
        TestContext.<anonymous> (E:\SEP490\ez-room-be\test\auth.controller.test.js:191:16)
        async Test.run (node:internal/test_runner/test:935:9)
        async Suite.processPendingSubtests (node:internal/test_runner/test:633:7)
      ...
    # Subtest: should return 500 on DB error
    ok 6 - should return 500 on DB error
      ---
      duration_ms: 1.7535
      ...
    # Subtest: should include isVip and gender in response
    ok 7 - should include isVip and gender in response
      ---
      duration_ms: 1.207
      ...
    1..7
not ok 12 - Auth > login
  ---
  duration_ms: 13.472
  type: 'suite'
  location: 'E:\\SEP490\\ez-room-be\\test\\auth.controller.test.js:141:1'
  failureType: 'subtestsFailed'
  error: '1 subtest failed'
  code: 'ERR_TEST_FAILURE'
  ...
# Subtest: Auth > forgotPassword
    # Subtest: should return success when user exists
    ok 1 - should return success when user exists
      ---
      duration_ms: 1.6083
      ...
    # Subtest: should return same success when user does not exist (security)
    ok 2 - should return same success when user does not exist (security)
      ---
      duration_ms: 1.1889
      ...
    # Subtest: should return 400 on validation failure
    not ok 3 - should return 400 on validation failure
      ---
      duration_ms: 1.4495
      location: 'E:\\SEP490\\ez-room-be\\test\\auth.controller.test.js:242:5'
      failureType: 'testCodeFailure'
      error: |-
        Expected values to be strictly equal:
        
        500 !== 400
        
      code: 'ERR_ASSERTION'
      name: 'AssertionError'
      expected: 400
      actual: 500
      operator: 'strictEqual'
      stack: |-
        TestContext.<anonymous> (E:\SEP490\ez-room-be\test\auth.controller.test.js:248:16)
        async Test.run (node:internal/test_runner/test:935:9)
        async Suite.processPendingSubtests (node:internal/test_runner/test:633:7)
      ...
    # Subtest: should return 500 on DB error
    ok 4 - should return 500 on DB error
      ---
      duration_ms: 1.3642
      ...
    1..4
not ok 13 - Auth > forgotPassword
  ---
  duration_ms: 5.9199
  type: 'suite'
  location: 'E:\\SEP490\\ez-room-be\\test\\auth.controller.test.js:217:1'
  failureType: 'subtestsFailed'
  error: '1 subtest failed'
  code: 'ERR_TEST_FAILURE'
  ...
# Subtest: Auth > resetPassword
    # Subtest: should reset password with valid token
    ok 1 - should reset password with valid token
      ---
      duration_ms: 1.8648
      ...
    # Subtest: should reject invalid token
    ok 2 - should reject invalid token
      ---
      duration_ms: 1.7792
      ...
    # Subtest: should reject token with wrong purpose
    ok 3 - should reject token with wrong purpose
      ---
      duration_ms: 1.6808
      ...
    # Subtest: should reject when user is inactive
    ok 4 - should reject when user is inactive
      ---
      duration_ms: 1.5086
      ...
    # Subtest: should return 400 on validation failure
    ok 5 - should return 400 on validation failure
      ---
      duration_ms: 1.4561
      ...
    # Subtest: should return 500 on DB error
    ok 6 - should return 500 on DB error
      ---
      duration_ms: 7.707
      ...
    # Subtest: should return 400 when user not found
    ok 7 - should return 400 when user not found
      ---
      duration_ms: 2.6006
      ...
    1..7
ok 14 - Auth > resetPassword
  ---
  duration_ms: 19.121
  type: 'suite'
  ...
# Subtest: Auth > registerOAuth
    # Subtest: should register OAuth user successfully
    ok 1 - should register OAuth user successfully
      ---
      duration_ms: 3.7351
      ...
    # Subtest: should return 409 when email already exists
    ok 2 - should return 409 when email already exists
      ---
      duration_ms: 2.3982
      ...
    # Subtest: should return 400 on validation failure
    not ok 3 - should return 400 on validation failure
      ---
      duration_ms: 1.3708
      location: 'E:\\SEP490\\ez-room-be\\test\\auth.controller.test.js:361:5'
      failureType: 'testCodeFailure'
      error: |-
        Expected values to be strictly equal:
        
        201 !== 400
        
      code: 'ERR_ASSERTION'
      name: 'AssertionError'
      expected: 400
      actual: 201
      operator: 'strictEqual'
      stack: |-
        TestContext.<anonymous> (E:\SEP490\ez-room-be\test\auth.controller.test.js:367:16)
        async Test.run (node:internal/test_runner/test:935:9)
        async Suite.processPendingSubtests (node:internal/test_runner/test:633:7)
      ...
    # Subtest: should return 500 on DB error
    ok 4 - should return 500 on DB error
      ---
      duration_ms: 1.5108
      ...
    # Subtest: should default role to TENANT
    ok 5 - should default role to TENANT
      ---
      duration_ms: 1.2639
      ...
    1..5
not ok 15 - Auth > registerOAuth
  ---
  duration_ms: 10.8664
  type: 'suite'
  location: 'E:\\SEP490\\ez-room-be\\test\\auth.controller.test.js:336:1'
  failureType: 'subtestsFailed'
  error: '1 subtest failed'
  code: 'ERR_TEST_FAILURE'
  ...
# Subtest: Auth > updateProfile
    # Subtest: should update profile fields
    ok 1 - should update profile fields
      ---
      duration_ms: 1.5941
      ...
    # Subtest: should return current user when body is empty
    ok 2 - should return current user when body is empty
      ---
      duration_ms: 1.2153
      ...
    # Subtest: should return 500 on DB error
    ok 3 - should return 500 on DB error
      ---
      duration_ms: 1.1753
      ...
    # Subtest: should trim and limit fullName to 100 chars
    ok 4 - should trim and limit fullName to 100 chars
      ---
      duration_ms: 1.3463
      ...
    # Subtest: should set phone to null for empty string
    ok 5 - should set phone to null for empty string
      ---
      duration_ms: 1.4634
      ...
    1..5
ok 16 - Auth > updateProfile
  ---
  duration_ms: 7.1024
  type: 'suite'
  ...
# Subtest: Auth > lifestyle
    # Subtest: getLifestyle ΓÇö should return profile
    ok 1 - getLifestyle ΓÇö should return profile
      ---
      duration_ms: 2.8308
      ...
    # Subtest: getLifestyle ΓÇö should return null profile
    ok 2 - getLifestyle ΓÇö should return null profile
      ---
      duration_ms: 1.1486
      ...
    # Subtest: getLifestyle ΓÇö should return 401 when not logged in
    ok 3 - getLifestyle ΓÇö should return 401 when not logged in
      ---
      duration_ms: 1.3776
      ...
    # Subtest: upsertLifestyle ΓÇö should create/update lifestyle
    ok 4 - upsertLifestyle ΓÇö should create/update lifestyle
      ---
      duration_ms: 1.5665
      ...
    # Subtest: upsertLifestyle ΓÇö should return 500 on DB error
    ok 5 - upsertLifestyle ΓÇö should return 500 on DB error
      ---
      duration_ms: 1.2626
      ...
    # Subtest: upsertLifestyle ΓÇö should handle arrays and nulls
    ok 6 - upsertLifestyle ΓÇö should handle arrays and nulls
      ---
      duration_ms: 1.7607
      ...
    1..6
ok 17 - Auth > lifestyle
  ---
  duration_ms: 10.2957
  type: 'suite'
  ...
# Subtest: Auth > preference
    # Subtest: getPreference ΓÇö should return preference
    ok 1 - getPreference ΓÇö should return preference
      ---
      duration_ms: 1.3289
      ...
    # Subtest: getPreference ΓÇö should return null when not set
    ok 2 - getPreference ΓÇö should return null when not set
      ---
      duration_ms: 1.1351
      ...
    # Subtest: getPreference ΓÇö should return 401 when not logged in
    ok 3 - getPreference ΓÇö should return 401 when not logged in
      ---
      duration_ms: 1.7558
      ...
    # Subtest: upsertPreference ΓÇö should create/update preference
    ok 4 - upsertPreference ΓÇö should create/update preference
      ---
      duration_ms: 2.043
      ...
    # Subtest: upsertPreference ΓÇö should return 500 on DB error
    ok 5 - upsertPreference ΓÇö should return 500 on DB error
      ---
      duration_ms: 1.7128
      ...
    # Subtest: upsertPreference ΓÇö should handle boolean fields
    ok 6 - upsertPreference ΓÇö should handle boolean fields
      ---
      duration_ms: 2.7315
      ...
    # Subtest: upsertPreference ΓÇö should filter non-string from arrays
    ok 7 - upsertPreference ΓÇö should filter non-string from arrays
      ---
      duration_ms: 1.1043
      ...
    1..7
ok 18 - Auth > preference
  ---
  duration_ms: 12.2117
  type: 'suite'
  ...
# Subtest: Auth > suggestPassword
    # Subtest: should return a 12-character password
    ok 1 - should return a 12-character password
      ---
      duration_ms: 1.2422
      ...
    # Subtest: should return different passwords on each call
    ok 2 - should return different passwords on each call
      ---
      duration_ms: 1.0865
      ...
    1..2
ok 19 - Auth > suggestPassword
  ---
  duration_ms: 2.4703
  type: 'suite'
  ...
# Favorite error: Error: Kh├┤ng t├¼m thß║Ñy ph├▓ng
#     at Object.addFavorite (E:\\SEP490\\ez-room-be\\services\\favorite.service.js:41:29)
#     at async Object.addFavorite (E:\\SEP490\\ez-room-be\\controllers\\favorite.controller.js:16:24)
#     at async TestContext.<anonymous> (E:\\SEP490\\ez-room-be\\test\\favorite.controller.test.js:78:9)
#     at async Test.run (node:internal/test_runner/test:935:9)
#     at async Suite.processPendingSubtests (node:internal/test_runner/test:633:7) {
#   statusCode: 404
# }
# Favorite error: Error: db fail
#     at mockPrisma.rooms.findUnique (E:\\SEP490\\ez-room-be\\test\\favorite.controller.test.js:92:59)
#     at Object.addFavorite (E:\\SEP490\\ez-room-be\\services\\favorite.service.js:36:37)
#     at Object.addFavorite (E:\\SEP490\\ez-room-be\\controllers\\favorite.controller.js:16:46)
#     at TestContext.<anonymous> (E:\\SEP490\\ez-room-be\\test\\favorite.controller.test.js:96:20)
#     at Test.runInAsyncScope (node:async_hooks:211:14)
#     at Test.run (node:internal/test_runner/test:934:25)
#     at async Suite.processPendingSubtests (node:internal/test_runner/test:633:7)
# Favorite error: Error: db fail
#     at mockPrisma.favoriteRoom.deleteMany (E:\\SEP490\\ez-room-be\\test\\favorite.controller.test.js:128:66)
#     at Object.removeFavorite (E:\\SEP490\\ez-room-be\\services\\favorite.service.js:59:31)
#     at Object.removeFavorite (E:\\SEP490\\ez-room-be\\controllers\\favorite.controller.js:29:46)
#     at TestContext.<anonymous> (E:\\SEP490\\ez-room-be\\test\\favorite.controller.test.js:132:20)
#     at Test.runInAsyncScope (node:async_hooks:211:14)
#     at Test.run (node:internal/test_runner/test:934:25)
#     at async Suite.processPendingSubtests (node:internal/test_runner/test:633:7)
# Favorite error: Error: db fail
#     at mockPrisma.favoriteRoom.findMany (E:\\SEP490\\ez-room-be\\test\\favorite.controller.test.js:173:64)
#     at Object.getMyFavorites (E:\\SEP490\\ez-room-be\\services\\favorite.service.js:69:49)
#     at Object.getMyFavorites (E:\\SEP490\\ez-room-be\\controllers\\favorite.controller.js:42:46)
#     at TestContext.<anonymous> (E:\\SEP490\\ez-room-be\\test\\favorite.controller.test.js:177:20)
#     at Test.runInAsyncScope (node:async_hooks:211:14)
#     at Test.run (node:internal/test_runner/test:934:25)
#     at async Suite.processPendingSubtests (node:internal/test_runner/test:633:7)
# Favorite error: Error: db fail
#     at mockPrisma.favoriteRoom.findMany (E:\\SEP490\\ez-room-be\\test\\favorite.controller.test.js:209:64)
#     at Object.getFavoriteIds (E:\\SEP490\\ez-room-be\\services\\favorite.service.js:100:44)
#     at Object.getFavoriteIds (E:\\SEP490\\ez-room-be\\controllers\\favorite.controller.js:51:46)
#     at TestContext.<anonymous> (E:\\SEP490\\ez-room-be\\test\\favorite.controller.test.js:213:20)
#     at Test.runInAsyncScope (node:async_hooks:211:14)
#     at Test.run (node:internal/test_runner/test:934:25)
#     at async Suite.processPendingSubtests (node:internal/test_runner/test:633:7)
# Subtest: Favorite > formatRoomForFavorite
    # Subtest: should format room with full details
    ok 1 - should format room with full details
      ---
      duration_ms: 5.7108
      ...
    # Subtest: should use rental images when room has no images
    ok 2 - should use rental images when room has no images
      ---
      duration_ms: 1.1097
      ...
    # Subtest: should use placeholder when no images at all
    ok 3 - should use placeholder when no images at all
      ---
      duration_ms: 0.6841
      ...
    1..3
ok 20 - Favorite > formatRoomForFavorite
  ---
  duration_ms: 8.9502
  type: 'suite'
  ...
# Subtest: Favorite > addFavorite
    # Subtest: should add favorite successfully
    ok 1 - should add favorite successfully
      ---
      duration_ms: 1.9945
      ...
    # Subtest: should return 404 when room not found
    ok 2 - should return 404 when room not found
      ---
      duration_ms: 2.2574
      ...
    # Subtest: should handle upsert without error on duplicate
    ok 3 - should handle upsert without error on duplicate
      ---
      duration_ms: 1.2668
      ...
    # Subtest: should return 500 on DB error
    ok 4 - should return 500 on DB error
      ---
      duration_ms: 1.4255
      ...
    1..4
ok 21 - Favorite > addFavorite
  ---
  duration_ms: 7.4973
  type: 'suite'
  ...
# Subtest: Favorite > removeFavorite
    # Subtest: should remove favorite successfully
    ok 1 - should remove favorite successfully
      ---
      duration_ms: 1.8113
      ...
    # Subtest: should succeed even if not in favorites
    ok 2 - should succeed even if not in favorites
      ---
      duration_ms: 0.9479
      ...
    # Subtest: should return 500 on DB error
    ok 3 - should return 500 on DB error
      ---
      duration_ms: 1.1722
      ...
    1..3
ok 22 - Favorite > removeFavorite
  ---
  duration_ms: 4.3093
  type: 'suite'
  ...
# Subtest: Favorite > getMyFavorites
    # Subtest: should return formatted favorite rooms
    ok 1 - should return formatted favorite rooms
      ---
      duration_ms: 1.0824
      ...
    # Subtest: should return empty array when no favorites
    ok 2 - should return empty array when no favorites
      ---
      duration_ms: 0.8144
      ...
    # Subtest: should filter out null rooms
    ok 3 - should filter out null rooms
      ---
      duration_ms: 0.826
      ...
    # Subtest: should return 500 on error
    ok 4 - should return 500 on error
      ---
      duration_ms: 0.9387
      ...
    1..4
ok 23 - Favorite > getMyFavorites
  ---
  duration_ms: 3.9248
  type: 'suite'
  ...
# Subtest: Favorite > getFavoriteIds
    # Subtest: should return array of room IDs
    ok 1 - should return array of room IDs
      ---
      duration_ms: 1.6621
      ...
    # Subtest: should return empty array
    ok 2 - should return empty array
      ---
      duration_ms: 1.7532
      ...
    # Subtest: should return 500 on error
    ok 3 - should return 500 on error
      ---
      duration_ms: 4.1257
      ...
    1..3
ok 24 - Favorite > getFavoriteIds
  ---
  duration_ms: 8.1833
  type: 'suite'
  ...
# Locations error: Error: db
#     at mockPrisma.location.findMany (E:\\SEP490\\ez-room-be\\test\\locations.controller.test.js:49:60)
#     at Object.getAllLocations (E:\\SEP490\\ez-room-be\\services\\locations.service.js:24:45)
#     at Object.getAllLocations (E:\\SEP490\\ez-room-be\\controllers\\locations.controller.js:16:47)
#     at TestContext.<anonymous> (E:\\SEP490\\ez-room-be\\test\\locations.controller.test.js:53:20)
#     at Test.runInAsyncScope (node:async_hooks:211:14)
#     at Test.run (node:internal/test_runner/test:934:25)
#     at async Suite.processPendingSubtests (node:internal/test_runner/test:633:7)
# Locations error: Error: db
#     at mockPrisma.location.findMany (E:\\SEP490\\ez-room-be\\test\\locations.controller.test.js:84:60)
#     at Object.getCities (E:\\SEP490\\ez-room-be\\services\\locations.service.js:44:42)
#     at Object.getCities (E:\\SEP490\\ez-room-be\\controllers\\locations.controller.js:29:47)
#     at TestContext.<anonymous> (E:\\SEP490\\ez-room-be\\test\\locations.controller.test.js:88:20)
#     at Test.runInAsyncScope (node:async_hooks:211:14)
#     at Test.run (node:internal/test_runner/test:934:25)
#     at async Suite.processPendingSubtests (node:internal/test_runner/test:633:7)
# Locations error: Error: db
#     at mockPrisma.location.findMany (E:\\SEP490\\ez-room-be\\test\\locations.controller.test.js:118:60)
#     at Object.getDistricts (E:\\SEP490\\ez-room-be\\services\\locations.service.js:63:45)
#     at Object.getDistricts (E:\\SEP490\\ez-room-be\\controllers\\locations.controller.js:38:47)
#     at TestContext.<anonymous> (E:\\SEP490\\ez-room-be\\test\\locations.controller.test.js:122:20)
#     at Test.runInAsyncScope (node:async_hooks:211:14)
#     at Test.run (node:internal/test_runner/test:934:25)
#     at async Suite.processPendingSubtests (node:internal/test_runner/test:633:7)
# Locations error: Error: Kh├┤ng t├¼m thß║Ñy ─æß╗ïa ─æiß╗âm
#     at Object.getLocationById (E:\\SEP490\\ez-room-be\\services\\locations.service.js:86:29)
#     at async Object.getLocationById (E:\\SEP490\\ez-room-be\\controllers\\locations.controller.js:49:24)
#     at async TestContext.<anonymous> (E:\\SEP490\\ez-room-be\\test\\locations.controller.test.js:150:9)
#     at async Test.run (node:internal/test_runner/test:935:9)
#     at async Suite.processPendingSubtests (node:internal/test_runner/test:633:7) {
#   statusCode: 404
# }
# Locations error: Error: db
#     at mockPrisma.location.findUnique (E:\\SEP490\\ez-room-be\\test\\locations.controller.test.js:155:62)
#     at Object.getLocationById (E:\\SEP490\\ez-room-be\\services\\locations.service.js:76:44)
#     at Object.getLocationById (E:\\SEP490\\ez-room-be\\controllers\\locations.controller.js:49:47)
#     at TestContext.<anonymous> (E:\\SEP490\\ez-room-be\\test\\locations.controller.test.js:159:20)
#     at Test.runInAsyncScope (node:async_hooks:211:14)
#     at Test.run (node:internal/test_runner/test:934:25)
#     at async Suite.processPendingSubtests (node:internal/test_runner/test:633:7)
# Locations error: Error: ─Éß╗ïa chß╗ë kh├┤ng ─æ╞░ß╗úc ─æß╗â trß╗æng
#     at Object.createLocation (E:\\SEP490\\ez-room-be\\services\\locations.service.js:104:29)
#     at Object.createLocation (E:\\SEP490\\ez-room-be\\controllers\\locations.controller.js:58:47)
#     at TestContext.<anonymous> (E:\\SEP490\\ez-room-be\\test\\locations.controller.test.js:184:20)
#     at Test.runInAsyncScope (node:async_hooks:211:14)
#     at Test.run (node:internal/test_runner/test:934:25)
#     at async Suite.processPendingSubtests (node:internal/test_runner/test:633:7) {
#   statusCode: 400
# }
# Locations error: Error: ─Éß╗ïa chß╗ë kh├┤ng ─æ╞░ß╗úc ─æß╗â trß╗æng
#     at Object.createLocation (E:\\SEP490\\ez-room-be\\services\\locations.service.js:104:29)
#     at Object.createLocation (E:\\SEP490\\ez-room-be\\controllers\\locations.controller.js:58:47)
#     at TestContext.<anonymous> (E:\\SEP490\\ez-room-be\\test\\locations.controller.test.js:192:20)
#     at Test.runInAsyncScope (node:async_hooks:211:14)
#     at Test.run (node:internal/test_runner/test:934:25)
#     at async Suite.processPendingSubtests (node:internal/test_runner/test:633:7) {
#   statusCode: 400
# }
# Locations error: Error: Latitude phß║úi l├á sß╗æ tß╗½ -90 ─æß║┐n 90
#     at Object.createLocation (E:\\SEP490\\ez-room-be\\services\\locations.service.js:111:29)
#     at Object.createLocation (E:\\SEP490\\ez-room-be\\controllers\\locations.controller.js:58:47)
#     at TestContext.<anonymous> (E:\\SEP490\\ez-room-be\\test\\locations.controller.test.js:200:20)
#     at Test.runInAsyncScope (node:async_hooks:211:14)
#     at Test.run (node:internal/test_runner/test:934:25)
#     at async Suite.processPendingSubtests (node:internal/test_runner/test:633:7) {
#   statusCode: 400
# }
# Locations error: Error: Latitude phß║úi l├á sß╗æ tß╗½ -90 ─æß║┐n 90
#     at Object.createLocation (E:\\SEP490\\ez-room-be\\services\\locations.service.js:111:29)
#     at Object.createLocation (E:\\SEP490\\ez-room-be\\controllers\\locations.controller.js:58:47)
#     at TestContext.<anonymous> (E:\\SEP490\\ez-room-be\\test\\locations.controller.test.js:208:20)
#     at Test.runInAsyncScope (node:async_hooks:211:14)
#     at Test.run (node:internal/test_runner/test:934:25)
#     at async Suite.processPendingSubtests (node:internal/test_runner/test:633:7) {
#   statusCode: 400
# }
# Locations error: Error: Longitude phß║úi l├á sß╗æ tß╗½ -180 ─æß║┐n 180
#     at Object.createLocation (E:\\SEP490\\ez-room-be\\services\\locations.service.js:118:29)
#     at Object.createLocation (E:\\SEP490\\ez-room-be\\controllers\\locations.controller.js:58:47)
#     at TestContext.<anonymous> (E:\\SEP490\\ez-room-be\\test\\locations.controller.test.js:216:20)
#     at Test.runInAsyncScope (node:async_hooks:211:14)
#     at Test.run (node:internal/test_runner/test:934:25)
#     at async Suite.processPendingSubtests (node:internal/test_runner/test:633:7) {
#   statusCode: 400
# }
# Locations error: Error: Longitude phß║úi l├á sß╗æ tß╗½ -180 ─æß║┐n 180
#     at Object.createLocation (E:\\SEP490\\ez-room-be\\services\\locations.service.js:118:29)
#     at Object.createLocation (E:\\SEP490\\ez-room-be\\controllers\\locations.controller.js:58:47)
#     at TestContext.<anonymous> (E:\\SEP490\\ez-room-be\\test\\locations.controller.test.js:224:20)
#     at Test.runInAsyncScope (node:async_hooks:211:14)
#     at Test.run (node:internal/test_runner/test:934:25)
#     at async Suite.processPendingSubtests (node:internal/test_runner/test:633:7) {
#   statusCode: 400
# }
# Locations error: Error: db
#     at mockPrisma.location.create (E:\\SEP490\\ez-room-be\\test\\locations.controller.test.js:237:58)
#     at Object.createLocation (E:\\SEP490\\ez-room-be\\services\\locations.service.js:121:44)
#     at Object.createLocation (E:\\SEP490\\ez-room-be\\controllers\\locations.controller.js:58:47)
#     at TestContext.<anonymous> (E:\\SEP490\\ez-room-be\\test\\locations.controller.test.js:241:20)
#     at Test.runInAsyncScope (node:async_hooks:211:14)
#     at Test.run (node:internal/test_runner/test:934:25)
#     at async Suite.processPendingSubtests (node:internal/test_runner/test:633:7)
# Locations error: Error: Kh├┤ng t├¼m thß║Ñy ─æß╗ïa ─æiß╗âm
#     at Object.updateLocation (E:\\SEP490\\ez-room-be\\services\\locations.service.js:148:29)
#     at async Object.updateLocation (E:\\SEP490\\ez-room-be\\controllers\\locations.controller.js:67:24)
#     at async TestContext.<anonymous> (E:\\SEP490\\ez-room-be\\test\\locations.controller.test.js:268:9)
#     at async Test.run (node:internal/test_runner/test:935:9)
#     at async Suite.processPendingSubtests (node:internal/test_runner/test:633:7) {
#   statusCode: 404
# }
# Locations error: Error: ─Éß╗ïa chß╗ë kh├┤ng ─æ╞░ß╗úc ─æß╗â trß╗æng
#     at Object.updateLocation (E:\\SEP490\\ez-room-be\\services\\locations.service.js:155:33)
#     at async Object.updateLocation (E:\\SEP490\\ez-room-be\\controllers\\locations.controller.js:67:24)
#     at async TestContext.<anonymous> (E:\\SEP490\\ez-room-be\\test\\locations.controller.test.js:276:9)
#     at async Test.run (node:internal/test_runner/test:935:9)
#     at async Suite.processPendingSubtests (node:internal/test_runner/test:633:7) {
#   statusCode: 400
# }
# Locations error: Error: Kh├┤ng c├│ dß╗» liß╗çu ─æß╗â cß║¡p nhß║¡t
#     at Object.updateLocation (E:\\SEP490\\ez-room-be\\services\\locations.service.js:183:29)
#     at async Object.updateLocation (E:\\SEP490\\ez-room-be\\controllers\\locations.controller.js:67:24)
#     at async TestContext.<anonymous> (E:\\SEP490\\ez-room-be\\test\\locations.controller.test.js:284:9)
#     at async Test.run (node:internal/test_runner/test:935:9)
#     at async Suite.processPendingSubtests (node:internal/test_runner/test:633:7) {
#   statusCode: 400
# }
# Locations error: Error: Latitude phß║úi l├á sß╗æ tß╗½ -90 ─æß║┐n 90
#     at Object.updateLocation (E:\\SEP490\\ez-room-be\\services\\locations.service.js:166:33)
#     at async Object.updateLocation (E:\\SEP490\\ez-room-be\\controllers\\locations.controller.js:67:24)
#     at async TestContext.<anonymous> (E:\\SEP490\\ez-room-be\\test\\locations.controller.test.js:292:9)
#     at async Test.run (node:internal/test_runner/test:935:9)
#     at async Suite.processPendingSubtests (node:internal/test_runner/test:633:7) {
#   statusCode: 400
# }
# Locations error: Error: db
#     at mockPrisma.location.update (E:\\SEP490\\ez-room-be\\test\\locations.controller.test.js:297:58)
#     at Object.updateLocation (E:\\SEP490\\ez-room-be\\services\\locations.service.js:186:44)
#     at async Object.updateLocation (E:\\SEP490\\ez-room-be\\controllers\\locations.controller.js:67:24)
#     at async TestContext.<anonymous> (E:\\SEP490\\ez-room-be\\test\\locations.controller.test.js:301:9)
#     at async Test.run (node:internal/test_runner/test:935:9)
#     at async Suite.processPendingSubtests (node:internal/test_runner/test:633:7)
# Locations error: Error: Kh├┤ng thß╗â x├│a ─æß╗ïa ─æiß╗âm n├áy v├¼ ─æang c├│ 1 b├ái ─æ─âng li├¬n kß║┐t
#     at Object.deleteLocation (E:\\SEP490\\ez-room-be\\services\\locations.service.js:214:13)
#     at async Object.deleteLocation (E:\\SEP490\\ez-room-be\\controllers\\locations.controller.js:76:24)
#     at async TestContext.<anonymous> (E:\\SEP490\\ez-room-be\\test\\locations.controller.test.js:328:9)
#     at async Test.run (node:internal/test_runner/test:935:9)
#     at async Suite.processPendingSubtests (node:internal/test_runner/test:633:7) {
#   statusCode: 409
# }
# Locations error: Error: Kh├┤ng t├¼m thß║Ñy ─æß╗ïa ─æiß╗âm
#     at Object.deleteLocation (E:\\SEP490\\ez-room-be\\services\\locations.service.js:209:29)
#     at async Object.deleteLocation (E:\\SEP490\\ez-room-be\\controllers\\locations.controller.js:76:24)
#     at async TestContext.<anonymous> (E:\\SEP490\\ez-room-be\\test\\locations.controller.test.js:337:9)
#     at async Test.run (node:internal/test_runner/test:935:9)
#     at async Suite.processPendingSubtests (node:internal/test_runner/test:633:7) {
#   statusCode: 404
# }
# Locations error: Error: db
#     at mockPrisma.location.delete (E:\\SEP490\\ez-room-be\\test\\locations.controller.test.js:342:58)
#     at Object.deleteLocation (E:\\SEP490\\ez-room-be\\services\\locations.service.js:219:33)
#     at async Object.deleteLocation (E:\\SEP490\\ez-room-be\\controllers\\locations.controller.js:76:24)
#     at async TestContext.<anonymous> (E:\\SEP490\\ez-room-be\\test\\locations.controller.test.js:346:9)
#     at async Test.run (node:internal/test_runner/test:935:9)
#     at async Suite.processPendingSubtests (node:internal/test_runner/test:633:7)
# Subtest: Locations > getAllLocations
    # Subtest: should return all locations
    ok 1 - should return all locations
      ---
      duration_ms: 8.8703
      ...
    # Subtest: should filter by city
    ok 2 - should filter by city
      ---
      duration_ms: 1.7119
      ...
    # Subtest: should filter by search keyword
    ok 3 - should filter by search keyword
      ---
      duration_ms: 1.7011
      ...
    # Subtest: should return 500 on error
    ok 4 - should return 500 on error
      ---
      duration_ms: 3.6003
      ...
    1..4
ok 25 - Locations > getAllLocations
  ---
  duration_ms: 18.9193
  type: 'suite'
  ...
# Subtest: Locations > getCities
    # Subtest: should return distinct cities
    ok 1 - should return distinct cities
      ---
      duration_ms: 3.9311
      ...
    # Subtest: should filter null cities
    ok 2 - should filter null cities
      ---
      duration_ms: 2.5527
      ...
    # Subtest: should return 500 on error
    ok 3 - should return 500 on error
      ---
      duration_ms: 1.5076
      ...
    1..3
ok 26 - Locations > getCities
  ---
  duration_ms: 8.6895
  type: 'suite'
  ...
# Subtest: Locations > getDistricts
    # Subtest: should return districts
    ok 1 - should return districts
      ---
      duration_ms: 2.8557
      ...
    # Subtest: should filter by city
    ok 2 - should filter by city
      ---
      duration_ms: 1.4363
      ...
    # Subtest: should return 500 on error
    ok 3 - should return 500 on error
      ---
      duration_ms: 1.518
      ...
    1..3
ok 27 - Locations > getDistricts
  ---
  duration_ms: 6.2259
  type: 'suite'
  ...
# Subtest: Locations > getLocationById
    # Subtest: should return location with rental count
    ok 1 - should return location with rental count
      ---
      duration_ms: 1.35
      ...
    # Subtest: should return 404 when not found
    ok 2 - should return 404 when not found
      ---
      duration_ms: 1.4079
      ...
    # Subtest: should return 500 on error
    ok 3 - should return 500 on error
      ---
      duration_ms: 1.3816
      ...
    1..3
ok 28 - Locations > getLocationById
  ---
  duration_ms: 4.427
  type: 'suite'
  ...
# Subtest: Locations > createLocation
    # Subtest: should create location
    ok 1 - should create location
      ---
      duration_ms: 1.5568
      ...
    # Subtest: should reject empty address
    ok 2 - should reject empty address
      ---
      duration_ms: 1.3606
      ...
    # Subtest: should reject missing address
    ok 3 - should reject missing address
      ---
      duration_ms: 1.39
      ...
    # Subtest: should reject invalid latitude > 90
    ok 4 - should reject invalid latitude > 90
      ---
      duration_ms: 2.4747
      ...
    # Subtest: should reject invalid latitude < -90
    ok 5 - should reject invalid latitude < -90
      ---
      duration_ms: 1.8712
      ...
    # Subtest: should reject invalid longitude > 180
    ok 6 - should reject invalid longitude > 180
      ---
      duration_ms: 1.7381
      ...
    # Subtest: should reject invalid longitude < -180
    ok 7 - should reject invalid longitude < -180
      ---
      duration_ms: 1.3447
      ...
    # Subtest: should accept valid coordinates
    ok 8 - should accept valid coordinates
      ---
      duration_ms: 0.992
      ...
    # Subtest: should return 500 on error
    ok 9 - should return 500 on error
      ---
      duration_ms: 1.4288
      ...
    1..9
ok 29 - Locations > createLocation
  ---
  duration_ms: 14.7357
  type: 'suite'
  ...
# Subtest: Locations > updateLocation
    # Subtest: should update location
    ok 1 - should update location
      ---
      duration_ms: 1.9974
      ...
    # Subtest: should return 404 when not found
    ok 2 - should return 404 when not found
      ---
      duration_ms: 1.5692
      ...
    # Subtest: should reject empty address
    ok 3 - should reject empty address
      ---
      duration_ms: 1.2098
      ...
    # Subtest: should reject empty body
    ok 4 - should reject empty body
      ---
      duration_ms: 1.2077
      ...
    # Subtest: should reject invalid latitude
    ok 5 - should reject invalid latitude
      ---
      duration_ms: 1.0948
      ...
    # Subtest: should return 500 on error
    ok 6 - should return 500 on error
      ---
      duration_ms: 1.2264
      ...
    1..6
ok 30 - Locations > updateLocation
  ---
  duration_ms: 8.7021
  type: 'suite'
  ...
# Subtest: Locations > deleteLocation
    # Subtest: should delete location
    ok 1 - should delete location
      ---
      duration_ms: 1.5865
      ...
    # Subtest: should return 409 when location has rentals
    ok 2 - should return 409 when location has rentals
      ---
      duration_ms: 1.7382
      ...
    # Subtest: should return 404 when not found
    ok 3 - should return 404 when not found
      ---
      duration_ms: 1.3892
      ...
    # Subtest: should return 500 on error
    ok 4 - should return 500 on error
      ---
      duration_ms: 1.4632
      ...
    1..4
ok 31 - Locations > deleteLocation
  ---
  duration_ms: 6.52
  type: 'suite'
  ...
# Message error: Error: db
#     at mockPrisma.message.findMany (E:\\SEP490\\ez-room-be\\test\\message.controller.test.js:64:59)
#     at Object.getConversations (E:\\SEP490\\ez-room-be\\services\\message.service.js:7:39)
#     at Object.getConversations (E:\\SEP490\\ez-room-be\\controllers\\message.controller.js:16:45)
#     at TestContext.<anonymous> (E:\\SEP490\\ez-room-be\\test\\message.controller.test.js:68:20)
#     at Test.runInAsyncScope (node:async_hooks:211:14)
#     at Test.run (node:internal/test_runner/test:934:25)
#     at async Suite.processPendingSubtests (node:internal/test_runner/test:633:7)
# Message error: Error: Kh├┤ng thß╗â xem hß╗Öi thoß║íi vß╗¢i ch├¡nh m├¼nh
#     at Object.getThread (E:\\SEP490\\ez-room-be\\services\\message.service.js:96:29)
#     at Object.getThread (E:\\SEP490\\ez-room-be\\controllers\\message.controller.js:25:45)
#     at TestContext.<anonymous> (E:\\SEP490\\ez-room-be\\test\\message.controller.test.js:107:20)
#     at Test.runInAsyncScope (node:async_hooks:211:14)
#     at Test.run (node:internal/test_runner/test:934:25)
#     at async Suite.processPendingSubtests (node:internal/test_runner/test:633:7) {
#   statusCode: 400
# }
# Message error: Error: Ng╞░ß╗¥i d├╣ng kh├┤ng tß╗ôn tß║íi
#     at Object.getThread (E:\\SEP490\\ez-room-be\\services\\message.service.js:104:29)
#     at async Object.getThread (E:\\SEP490\\ez-room-be\\controllers\\message.controller.js:25:24)
#     at async TestContext.<anonymous> (E:\\SEP490\\ez-room-be\\test\\message.controller.test.js:116:9)
#     at async Test.run (node:internal/test_runner/test:935:9)
#     at async Suite.processPendingSubtests (node:internal/test_runner/test:633:7) {
#   statusCode: 404
# }
# Message error: Error: db
#     at mockPrisma.user.findUnique (E:\\SEP490\\ez-room-be\\test\\message.controller.test.js:139:58)
#     at Object.getThread (E:\\SEP490\\ez-room-be\\services\\message.service.js:99:37)
#     at Object.getThread (E:\\SEP490\\ez-room-be\\controllers\\message.controller.js:25:45)
#     at TestContext.<anonymous> (E:\\SEP490\\ez-room-be\\test\\message.controller.test.js:143:20)
#     at Test.runInAsyncScope (node:async_hooks:211:14)
#     at Test.run (node:internal/test_runner/test:934:25)
#     at async Suite.processPendingSubtests (node:internal/test_runner/test:633:7)
# Message error: Error: Thiß║┐u receiverId
#     at Object.sendMessage (E:\\SEP490\\ez-room-be\\services\\message.service.js:169:29)
#     at Object.sendMessage (E:\\SEP490\\ez-room-be\\controllers\\message.controller.js:41:45)
#     at TestContext.<anonymous> (E:\\SEP490\\ez-room-be\\test\\message.controller.test.js:174:20)
#     at Test.runInAsyncScope (node:async_hooks:211:14)
#     at Test.run (node:internal/test_runner/test:934:25)
#     at async Suite.processPendingSubtests (node:internal/test_runner/test:633:7) {
#   statusCode: 400
# }
# Message error: Error: Nß╗Öi dung tin nhß║»n kh├┤ng ─æ╞░ß╗úc ─æß╗â trß╗æng
#     at Object.sendMessage (E:\\SEP490\\ez-room-be\\services\\message.service.js:173:29)
#     at Object.sendMessage (E:\\SEP490\\ez-room-be\\controllers\\message.controller.js:41:45)
#     at TestContext.<anonymous> (E:\\SEP490\\ez-room-be\\test\\message.controller.test.js:182:20)
#     at Test.runInAsyncScope (node:async_hooks:211:14)
#     at Test.run (node:internal/test_runner/test:934:25)
#     at async Suite.processPendingSubtests (node:internal/test_runner/test:633:7) {
#   statusCode: 400
# }
# Message error: Error: Tin nhß║»n tß╗æi ─æa 5000 k├╜ tß╗▒
#     at Object.sendMessage (E:\\SEP490\\ez-room-be\\services\\message.service.js:176:29)
#     at Object.sendMessage (E:\\SEP490\\ez-room-be\\controllers\\message.controller.js:41:45)
#     at TestContext.<anonymous> (E:\\SEP490\\ez-room-be\\test\\message.controller.test.js:190:20)
#     at Test.runInAsyncScope (node:async_hooks:211:14)
#     at Test.run (node:internal/test_runner/test:934:25)
#     at async Suite.processPendingSubtests (node:internal/test_runner/test:633:7) {
#   statusCode: 400
# }
# Message error: Error: Kh├┤ng thß╗â gß╗¡i tin nhß║»n cho ch├¡nh m├¼nh
#     at Object.sendMessage (E:\\SEP490\\ez-room-be\\services\\message.service.js:179:29)
#     at Object.sendMessage (E:\\SEP490\\ez-room-be\\controllers\\message.controller.js:41:45)
#     at TestContext.<anonymous> (E:\\SEP490\\ez-room-be\\test\\message.controller.test.js:198:20)
#     at Test.runInAsyncScope (node:async_hooks:211:14)
#     at Test.run (node:internal/test_runner/test:934:25)
#     at async Suite.processPendingSubtests (node:internal/test_runner/test:633:7) {
#   statusCode: 400
# }
# Message error: Error: Ng╞░ß╗¥i nhß║¡n kh├┤ng tß╗ôn tß║íi
#     at Object.sendMessage (E:\\SEP490\\ez-room-be\\services\\message.service.js:186:29)
#     at async Object.sendMessage (E:\\SEP490\\ez-room-be\\controllers\\message.controller.js:41:24)
#     at async TestContext.<anonymous> (E:\\SEP490\\ez-room-be\\test\\message.controller.test.js:207:9)
#     at async Test.run (node:internal/test_runner/test:935:9)
#     at async Suite.processPendingSubtests (node:internal/test_runner/test:633:7) {
#   statusCode: 404
# }
# Message error: Error: Ng╞░ß╗¥i nhß║¡n kh├┤ng tß╗ôn tß║íi
#     at Object.sendMessage (E:\\SEP490\\ez-room-be\\services\\message.service.js:186:29)
#     at async Object.sendMessage (E:\\SEP490\\ez-room-be\\controllers\\message.controller.js:41:24)
#     at async TestContext.<anonymous> (E:\\SEP490\\ez-room-be\\test\\message.controller.test.js:216:9)
#     at async Test.run (node:internal/test_runner/test:935:9)
#     at async Suite.processPendingSubtests (node:internal/test_runner/test:633:7) {
#   statusCode: 404
# }
# Message error: Error: Thiß║┐u receiverId
#     at Object.sendMessage (E:\\SEP490\\ez-room-be\\services\\message.service.js:169:29)
#     at Object.sendMessage (E:\\SEP490\\ez-room-be\\controllers\\message.controller.js:41:45)
#     at TestContext.<anonymous> (E:\\SEP490\\ez-room-be\\test\\message.controller.test.js:224:20)
#     at Test.runInAsyncScope (node:async_hooks:211:14)
#     at Test.run (node:internal/test_runner/test:934:25)
#     at async Suite.processPendingSubtests (node:internal/test_runner/test:633:7) {
#   statusCode: 400
# }
# Message error: Error: db
#     at mockPrisma.message.create (E:\\SEP490\\ez-room-be\\test\\message.controller.test.js:230:57)
#     at Object.sendMessage (E:\\SEP490\\ez-room-be\\services\\message.service.js:189:42)
#     at async Object.sendMessage (E:\\SEP490\\ez-room-be\\controllers\\message.controller.js:41:24)
#     at async TestContext.<anonymous> (E:\\SEP490\\ez-room-be\\test\\message.controller.test.js:234:9)
#     at async Test.run (node:internal/test_runner/test:935:9)
#     at async Suite.processPendingSubtests (node:internal/test_runner/test:633:7)
# Subtest: Message > getConversations
    # Subtest: should return conversations list
    ok 1 - should return conversations list
      ---
      duration_ms: 13.415
      ...
    # Subtest: should return empty when no messages
    ok 2 - should return empty when no messages
      ---
      duration_ms: 2.3746
      ...
    # Subtest: should handle missing peer user gracefully
    ok 3 - should handle missing peer user gracefully
      ---
      duration_ms: 1.4505
      ...
    # Subtest: should return 500 on error
    ok 4 - should return 500 on error
      ---
      duration_ms: 3.0623
      ...
    1..4
ok 32 - Message > getConversations
  ---
  duration_ms: 22.4534
  type: 'suite'
  ...
# Subtest: Message > getThread
    # Subtest: should return thread messages
    ok 1 - should return thread messages
      ---
      duration_ms: 2.4292
      ...
    # Subtest: should reject self conversation
    ok 2 - should reject self conversation
      ---
      duration_ms: 1.8037
      ...
    # Subtest: should return 404 when other user not found
    ok 3 - should return 404 when other user not found
      ---
      duration_ms: 3.2913
      ...
    # Subtest: should handle cursor pagination
    ok 4 - should handle cursor pagination
      ---
      duration_ms: 1.4801
      ...
    # Subtest: should mark messages as READ
    ok 5 - should mark messages as READ
      ---
      duration_ms: 1.5035
      ...
    # Subtest: should return 500 on error
    ok 6 - should return 500 on error
      ---
      duration_ms: 1.6133
      ...
    1..6
ok 33 - Message > getThread
  ---
  duration_ms: 15.2733
  type: 'suite'
  ...
# Subtest: Message > sendMessage
    # Subtest: should send message successfully
    ok 1 - should send message successfully
      ---
      duration_ms: 2.1525
      ...
    # Subtest: should reject when receiverId is missing
    ok 2 - should reject when receiverId is missing
      ---
      duration_ms: 2.0771
      ...
    # Subtest: should reject empty content
    ok 3 - should reject empty content
      ---
      duration_ms: 1.2813
      ...
    # Subtest: should reject content longer than 5000 chars
    ok 4 - should reject content longer than 5000 chars
      ---
      duration_ms: 3.7787
      ...
    # Subtest: should reject self-message
    ok 5 - should reject self-message
      ---
      duration_ms: 1.2742
      ...
    # Subtest: should return 404 when receiver not found
    ok 6 - should return 404 when receiver not found
      ---
      duration_ms: 2.3811
      ...
    # Subtest: should return 404 when receiver is inactive
    ok 7 - should return 404 when receiver is inactive
      ---
      duration_ms: 1.4854
      ...
    # Subtest: should reject non-string receiverId
    ok 8 - should reject non-string receiverId
      ---
      duration_ms: 1.1553
      ...
    # Subtest: should return 500 on DB error
    ok 9 - should return 500 on DB error
      ---
      duration_ms: 2.1122
      ...
    1..9
ok 34 - Message > sendMessage
  ---
  duration_ms: 18.2504
  type: 'suite'
  ...
# Rental error: TypeError: Cannot read properties of undefined (reading 'create')
#     at E:\\SEP490\\ez-room-be\\services\\rental.service.js:63:35
# Rental error: TypeError: Cannot read properties of undefined (reading 'create')
#     at E:\\SEP490\\ez-room-be\\services\\rental.service.js:63:35
# Rental error: Error: Dß╗» liß╗çu kh├┤ng hß╗úp lß╗ç
#     at Object.createRental (E:\\SEP490\\ez-room-be\\services\\rental.service.js:23:29)
#     at Object.createRental (E:\\SEP490\\ez-room-be\\controllers\\rental.controller.js:18:44)
#     at TestContext.<anonymous> (E:\\SEP490\\ez-room-be\\test\\rental.controller.test.js:72:20)
#     at Test.runInAsyncScope (node:async_hooks:211:14)
#     at Test.run (node:internal/test_runner/test:934:25)
#     at async Suite.processPendingSubtests (node:internal/test_runner/test:633:7) {
#   statusCode: 400,
#   errors: [ 'Title required' ]
# }
# Rental error: Error: Dß╗» liß╗çu kh├┤ng hß╗úp lß╗ç
#     at Object.createRental (E:\\SEP490\\ez-room-be\\services\\rental.service.js:23:29)
#     at Object.createRental (E:\\SEP490\\ez-room-be\\controllers\\rental.controller.js:18:44)
#     at TestContext.<anonymous> (E:\\SEP490\\ez-room-be\\test\\rental.controller.test.js:81:20)
#     at Test.runInAsyncScope (node:async_hooks:211:14)
#     at Test.run (node:internal/test_runner/test:934:25)
#     at async Suite.processPendingSubtests (node:internal/test_runner/test:633:7) {
#   statusCode: 400,
#   errors: [ 'city required' ]
# }
# Rental error: Error: Forbidden to create rental
#     at mockPrisma.location.findFirst (E:\\SEP490\\ez-room-be\\test\\rental.controller.test.js:88:25)
#     at Object.createRental (E:\\SEP490\\ez-room-be\\services\\rental.service.js:28:42)
#     at Object.createRental (E:\\SEP490\\ez-room-be\\controllers\\rental.controller.js:18:44)
#     at TestContext.<anonymous> (E:\\SEP490\\ez-room-be\\test\\rental.controller.test.js:95:20)
#     at Test.runInAsyncScope (node:async_hooks:211:14)
#     at Test.run (node:internal/test_runner/test:934:25)
#     at async Suite.processPendingSubtests (node:internal/test_runner/test:633:7) {
#   statusCode: 403
# }
# Rental error: TypeError: Cannot read properties of undefined (reading 'create')
#     at E:\\SEP490\\ez-room-be\\services\\rental.service.js:63:35
# Rental error: Error: db
#     at mockPrisma.rental.findMany (E:\\SEP490\\ez-room-be\\test\\rental.controller.test.js:138:58)
#     at Object.getRentals (E:\\SEP490\\ez-room-be\\services\\rental.service.js:105:23)
#     at Object.getRentals (E:\\SEP490\\ez-room-be\\controllers\\rental.controller.js:31:44)
#     at TestContext.<anonymous> (E:\\SEP490\\ez-room-be\\test\\rental.controller.test.js:142:20)
#     at Test.runInAsyncScope (node:async_hooks:211:14)
#     at Test.run (node:internal/test_runner/test:934:25)
#     at async Suite.processPendingSubtests (node:internal/test_runner/test:633:7)
# Rental error: Error: Kh├┤ng t├¼m thß║Ñy b├ái ─æ─âng
#     at Object.getRentalById (E:\\SEP490\\ez-room-be\\services\\rental.service.js:178:29)
#     at async Object.getRentalById (E:\\SEP490\\ez-room-be\\controllers\\rental.controller.js:46:24)
#     at async TestContext.<anonymous> (E:\\SEP490\\ez-room-be\\test\\rental.controller.test.js:168:9)
#     at async Test.run (node:internal/test_runner/test:935:9)
#     at async Suite.processPendingSubtests (node:internal/test_runner/test:633:7) {
#   statusCode: 404
# }
# Rental error: Error: db
#     at mockPrisma.rental.findUnique (E:\\SEP490\\ez-room-be\\test\\rental.controller.test.js:173:60)
#     at Object.getRentalById (E:\\SEP490\\ez-room-be\\services\\rental.service.js:159:40)
#     at Object.getRentalById (E:\\SEP490\\ez-room-be\\controllers\\rental.controller.js:46:44)
#     at TestContext.<anonymous> (E:\\SEP490\\ez-room-be\\test\\rental.controller.test.js:177:20)
#     at Test.runInAsyncScope (node:async_hooks:211:14)
#     at Test.run (node:internal/test_runner/test:934:25)
#     at async Suite.processPendingSubtests (node:internal/test_runner/test:633:7)
# Rental error: Error: db
#     at mockPrisma.rental.findMany (E:\\SEP490\\ez-room-be\\test\\rental.controller.test.js:201:58)
#     at Object.getMyRentals (E:\\SEP490\\ez-room-be\\services\\rental.service.js:219:23)
#     at Object.getMyRentals (E:\\SEP490\\ez-room-be\\controllers\\rental.controller.js:55:44)
#     at TestContext.<anonymous> (E:\\SEP490\\ez-room-be\\test\\rental.controller.test.js:205:20)
#     at Test.runInAsyncScope (node:async_hooks:211:14)
#     at Test.run (node:internal/test_runner/test:934:25)
#     at async Suite.processPendingSubtests (node:internal/test_runner/test:633:7)
# Rental error: Error: Dß╗» liß╗çu kh├┤ng hß╗úp lß╗ç
#     at Object.updateRentalStatus (E:\\SEP490\\ez-room-be\\services\\rental.service.js:351:29)
#     at Object.updateRentalStatus (E:\\SEP490\\ez-room-be\\controllers\\rental.controller.js:82:44)
#     at TestContext.<anonymous> (E:\\SEP490\\ez-room-be\\test\\rental.controller.test.js:250:20)
#     at Test.runInAsyncScope (node:async_hooks:211:14)
#     at Test.run (node:internal/test_runner/test:934:25)
#     at async Suite.processPendingSubtests (node:internal/test_runner/test:633:7) {
#   statusCode: 400,
#   errors: [ 'bad' ]
# }
# Rental error: Error: Dß╗» liß╗çu kh├┤ng hß╗úp lß╗ç
#     at Object.updateRentalStatus (E:\\SEP490\\ez-room-be\\services\\rental.service.js:351:29)
#     at Object.updateRentalStatus (E:\\SEP490\\ez-room-be\\controllers\\rental.controller.js:82:44)
#     at TestContext.<anonymous> (E:\\SEP490\\ez-room-be\\test\\rental.controller.test.js:259:20)
#     at Test.runInAsyncScope (node:async_hooks:211:14)
#     at Test.run (node:internal/test_runner/test:934:25)
#     at async Suite.processPendingSubtests (node:internal/test_runner/test:633:7) {
#   statusCode: 400,
#   errors: [ 'status is required' ]
# }
# Rental error: Error: Kh├┤ng t├¼m thß║Ñy b├ái ─æ─âng
#     at Object.updateRentalStatus (E:\\SEP490\\ez-room-be\\services\\rental.service.js:361:29)
#     at async Object.updateRentalStatus (E:\\SEP490\\ez-room-be\\controllers\\rental.controller.js:82:24)
#     at async TestContext.<anonymous> (E:\\SEP490\\ez-room-be\\test\\rental.controller.test.js:269:9)
#     at async Test.run (node:internal/test_runner/test:935:9)
#     at async Suite.processPendingSubtests (node:internal/test_runner/test:633:7) {
#   statusCode: 404
# }
# Rental error: Error: db
#     at mockPrisma.rental.update (E:\\SEP490\\ez-room-be\\test\\rental.controller.test.js:274:56)
#     at Object.updateRentalStatus (E:\\SEP490\\ez-room-be\\services\\rental.service.js:364:47)
#     at async Object.updateRentalStatus (E:\\SEP490\\ez-room-be\\controllers\\rental.controller.js:82:24)
#     at async TestContext.<anonymous> (E:\\SEP490\\ez-room-be\\test\\rental.controller.test.js:278:9)
#     at async Test.run (node:internal/test_runner/test:935:9)
#     at async Suite.processPendingSubtests (node:internal/test_runner/test:633:7)
# Rental error: Error: Cannot update rental right now
#     at mockPrisma.rental.update (E:\\SEP490\\ez-room-be\\test\\rental.controller.test.js:284:25)
#     at Object.updateRentalStatus (E:\\SEP490\\ez-room-be\\services\\rental.service.js:364:47)
#     at async Object.updateRentalStatus (E:\\SEP490\\ez-room-be\\controllers\\rental.controller.js:82:24)
#     at async TestContext.<anonymous> (E:\\SEP490\\ez-room-be\\test\\rental.controller.test.js:292:9)
#     at async Test.run (node:internal/test_runner/test:935:9)
#     at async Suite.processPendingSubtests (node:internal/test_runner/test:633:7) {
#   statusCode: 409,
#   rentalId: 'rental-1'
# }
# Rental error: Error: db
#     at mockPrisma.rental.count (E:\\SEP490\\ez-room-be\\test\\rental.controller.test.js:317:55)
#     at Object.getRentalStats (E:\\SEP490\\ez-room-be\\services\\rental.service.js:393:23)
#     at Object.getRentalStats (E:\\SEP490\\ez-room-be\\controllers\\rental.controller.js:94:44)
#     at TestContext.<anonymous> (E:\\SEP490\\ez-room-be\\test\\rental.controller.test.js:321:20)
#     at Test.runInAsyncScope (node:async_hooks:211:14)
#     at Test.run (node:internal/test_runner/test:934:25)
#     at async Suite.processPendingSubtests (node:internal/test_runner/test:633:7)
# Subtest: Rental > createRental
    # Subtest: should create rental successfully
    not ok 1 - should create rental successfully
      ---
      duration_ms: 14.9827
      location: 'E:\\SEP490\\ez-room-be\\test\\rental.controller.test.js:49:5'
      failureType: 'testCodeFailure'
      error: |-
        Expected values to be strictly equal:
        
        500 !== 201
        
      code: 'ERR_ASSERTION'
      name: 'AssertionError'
      expected: 201
      actual: 500
      operator: 'strictEqual'
      stack: |-
        TestContext.<anonymous> (E:\SEP490\ez-room-be\test\rental.controller.test.js:54:16)
        async Test.run (node:internal/test_runner/test:935:9)
        async Promise.all (index 0)
        async Suite.run (node:internal/test_runner/test:1320:7)
        async startSubtestAfterBootstrap (node:internal/test_runner/harness:296:3)
      ...
    # Subtest: should reuse existing location
    not ok 2 - should reuse existing location
      ---
      duration_ms: 3.3685
      location: 'E:\\SEP490\\ez-room-be\\test\\rental.controller.test.js:58:5'
      failureType: 'testCodeFailure'
      error: |-
        Expected values to be strictly equal:
        
        500 !== 201
        
      code: 'ERR_ASSERTION'
      name: 'AssertionError'
      expected: 201
      actual: 500
      operator: 'strictEqual'
      stack: |-
        TestContext.<anonymous> (E:\SEP490\ez-room-be\test\rental.controller.test.js:64:16)
        async Test.run (node:internal/test_runner/test:935:9)
        async Suite.processPendingSubtests (node:internal/test_runner/test:633:7)
      ...
    # Subtest: should return 400 on validation failure
    ok 3 - should return 400 on validation failure
      ---
      duration_ms: 2.328
      ...
    # Subtest: should include validation errors in response body
    ok 4 - should include validation errors in response body
      ---
      duration_ms: 3.3664
      ...
    # Subtest: should propagate custom status code from service error
    ok 5 - should propagate custom status code from service error
      ---
      duration_ms: 4.5626
      ...
    # Subtest: should return 500 on DB error
    ok 6 - should return 500 on DB error
      ---
      duration_ms: 2.2184
      ...
    1..6
not ok 35 - Rental > createRental
  ---
  duration_ms: 32.5807
  type: 'suite'
  location: 'E:\\SEP490\\ez-room-be\\test\\rental.controller.test.js:41:1'
  failureType: 'subtestsFailed'
  error: '2 subtests failed'
  code: 'ERR_TEST_FAILURE'
  ...
# Subtest: Rental > getRentals
    # Subtest: should return paginated rentals
    ok 1 - should return paginated rentals
      ---
      duration_ms: 3.8366
      ...
    # Subtest: should fallback to default page and limit for invalid query params
    ok 2 - should fallback to default page and limit for invalid query params
      ---
      duration_ms: 1.7411
      ...
    # Subtest: should return 500 on error
    ok 3 - should return 500 on error
      ---
      duration_ms: 2.1965
      ...
    1..3
ok 36 - Rental > getRentals
  ---
  duration_ms: 8.3998
  type: 'suite'
  ...
# Subtest: Rental > getRentalById
    # Subtest: should return rental details
    ok 1 - should return rental details
      ---
      duration_ms: 16.902
      ...
    # Subtest: should return 404 when not found
    ok 2 - should return 404 when not found
      ---
      duration_ms: 3.8588
      ...
    # Subtest: should return 500 on error
    ok 3 - should return 500 on error
      ---
      duration_ms: 3.2246
      ...
    1..3
ok 37 - Rental > getRentalById
  ---
  duration_ms: 24.3153
  type: 'suite'
  ...
# Subtest: Rental > getMyRentals
    # Subtest: should return current user rentals
    ok 1 - should return current user rentals
      ---
      duration_ms: 2.9441
      ...
    # Subtest: should return 500 on error
    ok 2 - should return 500 on error
      ---
      duration_ms: 3.0031
      ...
    # Subtest: should apply owner and status filters
    ok 3 - should apply owner and status filters
      ---
      duration_ms: 2.5568
      ...
    1..3
ok 38 - Rental > getMyRentals
  ---
  duration_ms: 8.7852
  type: 'suite'
  ...
# Subtest: Rental > updateRentalStatus
    # Subtest: should update status
    ok 1 - should update status
      ---
      duration_ms: 4.122
      ...
    # Subtest: should return 400 on invalid body
    ok 2 - should return 400 on invalid body
      ---
      duration_ms: 3.9278
      ...
    # Subtest: should return validation errors on invalid body
    ok 3 - should return validation errors on invalid body
      ---
      duration_ms: 1.9614
      ...
    # Subtest: should return 404 when not found
    ok 4 - should return 404 when not found
      ---
      duration_ms: 2.5846
      ...
    # Subtest: should return 500 on error
    ok 5 - should return 500 on error
      ---
      duration_ms: 2.4408
      ...
    # Subtest: should include rentalId when service returns contextual error
    ok 6 - should include rentalId when service returns contextual error
      ---
      duration_ms: 1.826
      ...
    1..6
ok 39 - Rental > updateRentalStatus
  ---
  duration_ms: 17.3085
  type: 'suite'
  ...
# Subtest: Rental > getRentalStats
    # Subtest: should return rental statistics
    ok 1 - should return rental statistics
      ---
      duration_ms: 2.4607
      ...
    # Subtest: should return 500 on error
    ok 2 - should return 500 on error
      ---
      duration_ms: 1.7862
      ...
    1..2
ok 40 - Rental > getRentalStats
  ---
  duration_ms: 4.4207
  type: 'suite'
  ...
# Subtest: RoomCompare > postCompareRooms
    # Subtest: should successfully compare two rooms
    not ok 1 - should successfully compare two rooms
      ---
      duration_ms: 43.0593
      location: 'E:\\SEP490\\ez-room-be\\test\\room-compare.controller.test.js:72:5'
      failureType: 'testCodeFailure'
      error: |-
        Expected values to be strictly equal:
        
        400 !== 200
        
      code: 'ERR_ASSERTION'
      name: 'AssertionError'
      expected: 200
      actual: 400
      operator: 'strictEqual'
      stack: |-
        TestContext.<anonymous> (E:\SEP490\ez-room-be\test\room-compare.controller.test.js:79:16)
        async Test.run (node:internal/test_runner/test:935:9)
        async Promise.all (index 0)
        async Suite.run (node:internal/test_runner/test:1320:7)
        async startSubtestAfterBootstrap (node:internal/test_runner/harness:296:3)
      ...
    # Subtest: should return 400 if room1_id is missing
    not ok 2 - should return 400 if room1_id is missing
      ---
      duration_ms: 1.7672
      location: 'E:\\SEP490\\ez-room-be\\test\\room-compare.controller.test.js:88:5'
      failureType: 'testCodeFailure'
      error: 'The "string" argument must be of type string. Received type undefined (undefined)'
      code: 'ERR_ASSERTION'
      name: 'AssertionError'
      expected:
      operator: 'match'
      stack: |-
        TestContext.<anonymous> (E:\SEP490\ez-room-be\test\room-compare.controller.test.js:97:16)
        async Test.run (node:internal/test_runner/test:935:9)
        async Suite.processPendingSubtests (node:internal/test_runner/test:633:7)
      ...
    # Subtest: should return 400 if room2_id is missing
    not ok 3 - should return 400 if room2_id is missing
      ---
      duration_ms: 3.2792
      location: 'E:\\SEP490\\ez-room-be\\test\\room-compare.controller.test.js:100:5'
      failureType: 'testCodeFailure'
      error: 'The "string" argument must be of type string. Received type undefined (undefined)'
      code: 'ERR_ASSERTION'
      name: 'AssertionError'
      expected:
      operator: 'match'
      stack: |-
        TestContext.<anonymous> (E:\SEP490\ez-room-be\test\room-compare.controller.test.js:109:16)
        async Test.run (node:internal/test_runner/test:935:9)
        async Suite.processPendingSubtests (node:internal/test_runner/test:633:7)
      ...
    # Subtest: should return 400 if room IDs are the same
    not ok 4 - should return 400 if room IDs are the same
      ---
      duration_ms: 3.0078
      location: 'E:\\SEP490\\ez-room-be\\test\\room-compare.controller.test.js:112:5'
      failureType: 'testCodeFailure'
      error: 'The "string" argument must be of type string. Received type undefined (undefined)'
      code: 'ERR_ASSERTION'
      name: 'AssertionError'
      expected:
      operator: 'match'
      stack: |-
        TestContext.<anonymous> (E:\SEP490\ez-room-be\test\room-compare.controller.test.js:121:16)
        async Test.run (node:internal/test_runner/test:935:9)
        async Suite.processPendingSubtests (node:internal/test_runner/test:633:7)
      ...
    # Subtest: should return 400 if room1_id is not a valid UUID
    ok 5 - should return 400 if room1_id is not a valid UUID
      ---
      duration_ms: 2.5642
      ...
    # Subtest: should return 404 if room1 not found
    not ok 6 - should return 404 if room1 not found
      ---
      duration_ms: 2.5917
      location: 'E:\\SEP490\\ez-room-be\\test\\room-compare.controller.test.js:135:5'
      failureType: 'testCodeFailure'
      error: |-
        Expected values to be strictly equal:
        
        400 !== 404
        
      code: 'ERR_ASSERTION'
      name: 'AssertionError'
      expected: 404
      actual: 400
      operator: 'strictEqual'
      stack: |-
        TestContext.<anonymous> (E:\SEP490\ez-room-be\test\room-compare.controller.test.js:146:16)
        async Test.run (node:internal/test_runner/test:935:9)
        async Suite.processPendingSubtests (node:internal/test_runner/test:633:7)
      ...
    # Subtest: should return 404 if room2 not found
    not ok 7 - should return 404 if room2 not found
      ---
      duration_ms: 1.9856
      location: 'E:\\SEP490\\ez-room-be\\test\\room-compare.controller.test.js:151:5'
      failureType: 'testCodeFailure'
      error: |-
        Expected values to be strictly equal:
        
        400 !== 404
        
      code: 'ERR_ASSERTION'
      name: 'AssertionError'
      expected: 404
      actual: 400
      operator: 'strictEqual'
      stack: |-
        TestContext.<anonymous> (E:\SEP490\ez-room-be\test\room-compare.controller.test.js:162:16)
        async Test.run (node:internal/test_runner/test:935:9)
        async Suite.processPendingSubtests (node:internal/test_runner/test:633:7)
      ...
    # Subtest: should return 500 if service throws unexpected error
    not ok 8 - should return 500 if service throws unexpected error
      ---
      duration_ms: 2.0801
      location: 'E:\\SEP490\\ez-room-be\\test\\room-compare.controller.test.js:167:5'
      failureType: 'testCodeFailure'
      error: |-
        Expected values to be strictly equal:
        
        400 !== 500
        
      code: 'ERR_ASSERTION'
      name: 'AssertionError'
      expected: 500
      actual: 400
      operator: 'strictEqual'
      stack: |-
        TestContext.<anonymous> (E:\SEP490\ez-room-be\test\room-compare.controller.test.js:177:16)
        async Test.run (node:internal/test_runner/test:935:9)
        async Suite.processPendingSubtests (node:internal/test_runner/test:633:7)
      ...
    # Subtest: should include user ID in comparison when JWT is present
    not ok 9 - should include user ID in comparison when JWT is present
      ---
      duration_ms: 2.4424
      location: 'E:\\SEP490\\ez-room-be\\test\\room-compare.controller.test.js:181:5'
      failureType: 'testCodeFailure'
      error: |-
        Expected values to be strictly equal:
        
        400 !== 200
        
      code: 'ERR_ASSERTION'
      name: 'AssertionError'
      expected: 200
      actual: 400
      operator: 'strictEqual'
      stack: |-
        TestContext.<anonymous> (E:\SEP490\ez-room-be\test\room-compare.controller.test.js:191:16)
        async Test.run (node:internal/test_runner/test:935:9)
        async Suite.processPendingSubtests (node:internal/test_runner/test:633:7)
      ...
    # Subtest: should work without JWT (anonymous comparison)
    not ok 10 - should work without JWT (anonymous comparison)
      ---
      duration_ms: 2.6468
      location: 'E:\\SEP490\\ez-room-be\\test\\room-compare.controller.test.js:196:5'
      failureType: 'testCodeFailure'
      error: |-
        Expected values to be strictly equal:
        
        400 !== 200
        
      code: 'ERR_ASSERTION'
      name: 'AssertionError'
      expected: 200
      actual: 400
      operator: 'strictEqual'
      stack: |-
        TestContext.<anonymous> (E:\SEP490\ez-room-be\test\room-compare.controller.test.js:204:16)
        async Test.run (node:internal/test_runner/test:935:9)
        async Suite.processPendingSubtests (node:internal/test_runner/test:633:7)
      ...
    1..10
not ok 41 - RoomCompare > postCompareRooms
  ---
  duration_ms: 68.129
  type: 'suite'
  location: 'E:\\SEP490\\ez-room-be\\test\\room-compare.controller.test.js:57:1'
  failureType: 'subtestsFailed'
  error: '9 subtests failed'
  code: 'ERR_TEST_FAILURE'
  ...
# Error comparing rooms: Error: One or both rooms not found
#     at Object.compareRooms (E:\\SEP490\\ez-room-be\\services\\room-compare.service.js:25:13)
#     at async TestContext.<anonymous> (E:\\SEP490\\ez-room-be\\test\\room-compare.service.test.js:239:13)
#     at async Test.run (node:internal/test_runner/test:935:9)
#     at async Suite.processPendingSubtests (node:internal/test_runner/test:633:7)
# Subtest: RoomCompare > compareRooms
    # Subtest: should compare two rooms and return scores
    ok 1 - should compare two rooms and return scores
      ---
      duration_ms: 27.1625
      ...
    # Subtest: should identify winner (cheaper room with decent features)
    not ok 2 - should identify winner (cheaper room with decent features)
      ---
      duration_ms: 8.464
      location: 'E:\\SEP490\\ez-room-be\\test\\room-compare.service.test.js:71:5'
      failureType: 'testCodeFailure'
      error: |-
        Expected values to be strictly equal:
        
        '2' !== 'room-2'
        
      code: 'ERR_ASSERTION'
      name: 'AssertionError'
      expected: 'room-2'
      actual: '2'
      operator: 'strictEqual'
      stack: |-
        TestContext.<anonymous> (E:\SEP490\ez-room-be\test\room-compare.service.test.js:85:16)
        async Test.run (node:internal/test_runner/test:935:9)
        async Suite.processPendingSubtests (node:internal/test_runner/test:633:7)
      ...
    # Subtest: should calculate scoring correctly based on algorithm
    ok 3 - should calculate scoring correctly based on algorithm
      ---
      duration_ms: 1.9367
      ...
    # Subtest: should handle unrated rooms
    not ok 4 - should handle unrated rooms
      ---
      duration_ms: 2.196
      location: 'E:\\SEP490\\ez-room-be\\test\\room-compare.service.test.js:117:5'
      failureType: 'testCodeFailure'
      error: 'res is not defined'
      code: 'ERR_TEST_FAILURE'
      name: 'ReferenceError'
      stack: |-
        TestContext.<anonymous> (E:\SEP490\ez-room-be\test\room-compare.service.test.js:136:22)
        async Test.run (node:internal/test_runner/test:935:9)
        async Suite.processPendingSubtests (node:internal/test_runner/test:633:7)
      ...
    # Subtest: should map score to correct tier
    ok 5 - should map score to correct tier
      ---
      duration_ms: 2.1925
      ...
    # Subtest: should handle personalized scoring with user preferences
    ok 6 - should handle personalized scoring with user preferences
      ---
      duration_ms: 2.7695
      ...
    # Subtest: should return null winner when scores are equal
    ok 7 - should return null winner when scores are equal
      ---
      duration_ms: 1.5976
      ...
    # Subtest: should extract reasoning factors correctly
    ok 8 - should extract reasoning factors correctly
      ---
      duration_ms: 0.9406
      ...
    # Subtest: should throw error if room not found
    ok 9 - should throw error if room not found
      ---
      duration_ms: 2.2094
      ...
    1..9
not ok 42 - RoomCompare > compareRooms
  ---
  duration_ms: 51.7727
  type: 'suite'
  location: 'E:\\SEP490\\ez-room-be\\test\\room-compare.service.test.js:33:1'
  failureType: 'subtestsFailed'
  error: '2 subtests failed'
  code: 'ERR_TEST_FAILURE'
  ...
# Roommate error: Error: User not found
#     at Object.getSuggestions (E:\\SEP490\\ez-room-be\\services\\roommate.service.js:153:29)
#     at async Object.getSuggestions (E:\\SEP490\\ez-room-be\\controllers\\roommate.controller.js:16:24)
#     at async TestContext.<anonymous> (E:\\SEP490\\ez-room-be\\test\\roommate.controller.test.js:95:9)
#     at async Test.run (node:internal/test_runner/test:935:9)
#     at async Suite.processPendingSubtests (node:internal/test_runner/test:633:7) {
#   statusCode: 404
# }
# Roommate error: Error: db
#     at mockPrisma.user.findUnique (E:\\SEP490\\ez-room-be\\test\\roommate.controller.test.js:100:58)
#     at Object.getSuggestions (E:\\SEP490\\ez-room-be\\services\\roommate.service.js:145:34)
#     at Object.getSuggestions (E:\\SEP490\\ez-room-be\\controllers\\roommate.controller.js:16:46)
#     at TestContext.<anonymous> (E:\\SEP490\\ez-room-be\\test\\roommate.controller.test.js:104:20)
#     at Test.runInAsyncScope (node:async_hooks:211:14)
#     at Test.run (node:internal/test_runner/test:934:25)
#     at async Suite.processPendingSubtests (node:internal/test_runner/test:633:7)
# Roommate error: Error: Kh├┤ng thß╗â gß╗¡i lß╗¥i mß╗¥i cho ch├¡nh m├¼nh
#     at Object.sendRequest (E:\\SEP490\\ez-room-be\\services\\roommate.service.js:257:29)
#     at Object.sendRequest (E:\\SEP490\\ez-room-be\\controllers\\roommate.controller.js:31:46)
#     at TestContext.<anonymous> (E:\\SEP490\\ez-room-be\\test\\roommate.controller.test.js:135:20)
#     at Test.runInAsyncScope (node:async_hooks:211:14)
#     at Test.run (node:internal/test_runner/test:934:25)
#     at async Suite.processPendingSubtests (node:internal/test_runner/test:633:7) {
#   statusCode: 400
# }
# Roommate error: Error: Ng╞░ß╗¥i d├╣ng kh├┤ng tß╗ôn tß║íi hoß║╖c kh├┤ng phß║úi tenant
#     at Object.sendRequest (E:\\SEP490\\ez-room-be\\services\\roommate.service.js:267:13)
#     at async Object.sendRequest (E:\\SEP490\\ez-room-be\\controllers\\roommate.controller.js:31:24)
#     at async TestContext.<anonymous> (E:\\SEP490\\ez-room-be\\test\\roommate.controller.test.js:144:9)
#     at async Test.run (node:internal/test_runner/test:935:9)
#     at async Suite.processPendingSubtests (node:internal/test_runner/test:633:7) {
#   statusCode: 404
# }
# Roommate error: Error: Ng╞░ß╗¥i d├╣ng kh├┤ng tß╗ôn tß║íi hoß║╖c kh├┤ng phß║úi tenant
#     at Object.sendRequest (E:\\SEP490\\ez-room-be\\services\\roommate.service.js:267:13)
#     at async Object.sendRequest (E:\\SEP490\\ez-room-be\\controllers\\roommate.controller.js:31:24)
#     at async TestContext.<anonymous> (E:\\SEP490\\ez-room-be\\test\\roommate.controller.test.js:153:9)
#     at async Test.run (node:internal/test_runner/test:935:9)
#     at async Suite.processPendingSubtests (node:internal/test_runner/test:633:7) {
#   statusCode: 404
# }
# Roommate error: Error: Bß║ín ─æ├ú gß╗¡i lß╗¥i mß╗¥i tr╞░ß╗¢c ─æ├│
#     at Object.sendRequest (E:\\SEP490\\ez-room-be\\services\\roommate.service.js:279:33)
#     at async Object.sendRequest (E:\\SEP490\\ez-room-be\\controllers\\roommate.controller.js:31:24)
#     at async TestContext.<anonymous> (E:\\SEP490\\ez-room-be\\test\\roommate.controller.test.js:162:9)
#     at async Test.run (node:internal/test_runner/test:935:9)
#     at async Suite.processPendingSubtests (node:internal/test_runner/test:633:7) {
#   statusCode: 400
# }
# Roommate error: Error: Hai bß║ín ─æ├ú l├á match
#     at Object.sendRequest (E:\\SEP490\\ez-room-be\\services\\roommate.service.js:282:33)
#     at async Object.sendRequest (E:\\SEP490\\ez-room-be\\controllers\\roommate.controller.js:31:24)
#     at async TestContext.<anonymous> (E:\\SEP490\\ez-room-be\\test\\roommate.controller.test.js:171:9)
#     at async Test.run (node:internal/test_runner/test:935:9)
#     at async Suite.processPendingSubtests (node:internal/test_runner/test:633:7) {
#   statusCode: 400
# }
# Roommate error: Error: Kh├┤ng thß╗â gß╗¡i lß╗¥i mß╗¥i
#     at Object.sendRequest (E:\\SEP490\\ez-room-be\\services\\roommate.service.js:285:33)
#     at async Object.sendRequest (E:\\SEP490\\ez-room-be\\controllers\\roommate.controller.js:31:24)
#     at async TestContext.<anonymous> (E:\\SEP490\\ez-room-be\\test\\roommate.controller.test.js:180:9)
#     at async Test.run (node:internal/test_runner/test:935:9)
#     at async Suite.processPendingSubtests (node:internal/test_runner/test:633:7) {
#   statusCode: 400
# }
# Roommate error: Error: Ng╞░ß╗¥i n├áy ─æ├ú gß╗¡i lß╗¥i mß╗¥i cho bß║ín. H├úy xem trong "Lß╗¥i mß╗¥i nhß║¡n ─æ╞░ß╗úc" v├á chß║Ñp nhß║¡n.
#     at Object.sendRequest (E:\\SEP490\\ez-room-be\\services\\roommate.service.js:296:13)
#     at async Object.sendRequest (E:\\SEP490\\ez-room-be\\controllers\\roommate.controller.js:31:24)
#     at async TestContext.<anonymous> (E:\\SEP490\\ez-room-be\\test\\roommate.controller.test.js:194:9)
#     at async Test.run (node:internal/test_runner/test:935:9)
#     at async Suite.processPendingSubtests (node:internal/test_runner/test:633:7) {
#   statusCode: 400
# }
# Roommate error: Error: db
#     at mockPrisma.user.findUnique (E:\\SEP490\\ez-room-be\\test\\roommate.controller.test.js:199:58)
#     at Object.sendRequest (E:\\SEP490\\ez-room-be\\services\\roommate.service.js:262:38)
#     at Object.sendRequest (E:\\SEP490\\ez-room-be\\controllers\\roommate.controller.js:31:46)
#     at TestContext.<anonymous> (E:\\SEP490\\ez-room-be\\test\\roommate.controller.test.js:203:20)
#     at Test.runInAsyncScope (node:async_hooks:211:14)
#     at Test.run (node:internal/test_runner/test:934:25)
#     at async Suite.processPendingSubtests (node:internal/test_runner/test:633:7)
# Roommate error: Error: db
#     at mockPrisma.roommateMatch.findMany (E:\\SEP490\\ez-room-be\\test\\roommate.controller.test.js:241:65)
#     at Object.getMyMatches (E:\\SEP490\\ez-room-be\\services\\roommate.service.js:326:48)
#     at Object.getMyMatches (E:\\SEP490\\ez-room-be\\controllers\\roommate.controller.js:47:46)
#     at TestContext.<anonymous> (E:\\SEP490\\ez-room-be\\test\\roommate.controller.test.js:245:20)
#     at Test.runInAsyncScope (node:async_hooks:211:14)
#     at Test.run (node:internal/test_runner/test:934:25)
#     at async Suite.processPendingSubtests (node:internal/test_runner/test:633:7)
# Roommate error: Error: status phß║úi l├á ACCEPTED hoß║╖c REJECTED
#     at Object.updateMatchStatus (E:\\SEP490\\ez-room-be\\services\\roommate.service.js:378:13)
#     at Object.updateMatchStatus (E:\\SEP490\\ez-room-be\\controllers\\roommate.controller.js:56:46)
#     at TestContext.<anonymous> (E:\\SEP490\\ez-room-be\\test\\roommate.controller.test.js:284:20)
#     at Test.runInAsyncScope (node:async_hooks:211:14)
#     at Test.run (node:internal/test_runner/test:934:25)
#     at async Suite.processPendingSubtests (node:internal/test_runner/test:633:7) {
#   statusCode: 400
# }
# Roommate error: Error: Kh├┤ng t├¼m thß║Ñy lß╗¥i mß╗¥i
#     at Object.updateMatchStatus (E:\\SEP490\\ez-room-be\\services\\roommate.service.js:387:29)
#     at async Object.updateMatchStatus (E:\\SEP490\\ez-room-be\\controllers\\roommate.controller.js:56:24)
#     at async TestContext.<anonymous> (E:\\SEP490\\ez-room-be\\test\\roommate.controller.test.js:293:9)
#     at async Test.run (node:internal/test_runner/test:935:9)
#     at async Suite.processPendingSubtests (node:internal/test_runner/test:633:7) {
#   statusCode: 404
# }
# Roommate error: Error: Chß╗ë ng╞░ß╗¥i nhß║¡n mß╗¢i c├│ thß╗â chß║Ñp nhß║¡n/tß╗½ chß╗æi
#     at Object.updateMatchStatus (E:\\SEP490\\ez-room-be\\services\\roommate.service.js:391:13)
#     at async Object.updateMatchStatus (E:\\SEP490\\ez-room-be\\controllers\\roommate.controller.js:56:24)
#     at async TestContext.<anonymous> (E:\\SEP490\\ez-room-be\\test\\roommate.controller.test.js:304:9)
#     at async Test.run (node:internal/test_runner/test:935:9)
#     at async Suite.processPendingSubtests (node:internal/test_runner/test:633:7) {
#   statusCode: 403
# }
# Roommate error: Error: Lß╗¥i mß╗¥i ─æ├ú ─æ╞░ß╗úc xß╗¡ l├╜
#     at Object.updateMatchStatus (E:\\SEP490\\ez-room-be\\services\\roommate.service.js:396:29)
#     at async Object.updateMatchStatus (E:\\SEP490\\ez-room-be\\controllers\\roommate.controller.js:56:24)
#     at async TestContext.<anonymous> (E:\\SEP490\\ez-room-be\\test\\roommate.controller.test.js:315:9)
#     at async Test.run (node:internal/test_runner/test:935:9)
#     at async Suite.processPendingSubtests (node:internal/test_runner/test:633:7) {
#   statusCode: 400
# }
# Roommate error: Error: status phß║úi l├á ACCEPTED hoß║╖c REJECTED
#     at Object.updateMatchStatus (E:\\SEP490\\ez-room-be\\services\\roommate.service.js:378:13)
#     at Object.updateMatchStatus (E:\\SEP490\\ez-room-be\\controllers\\roommate.controller.js:56:46)
#     at TestContext.<anonymous> (E:\\SEP490\\ez-room-be\\test\\roommate.controller.test.js:323:20)
#     at Test.runInAsyncScope (node:async_hooks:211:14)
#     at Test.run (node:internal/test_runner/test:934:25)
#     at async Suite.processPendingSubtests (node:internal/test_runner/test:633:7) {
#   statusCode: 400
# }
# Roommate error: Error: db
#     at mockPrisma.roommateMatch.findUnique (E:\\SEP490\\ez-room-be\\test\\roommate.controller.test.js:328:67)
#     at Object.updateMatchStatus (E:\\SEP490\\ez-room-be\\services\\roommate.service.js:383:46)
#     at Object.updateMatchStatus (E:\\SEP490\\ez-room-be\\controllers\\roommate.controller.js:56:46)
#     at TestContext.<anonymous> (E:\\SEP490\\ez-room-be\\test\\roommate.controller.test.js:332:20)
#     at Test.runInAsyncScope (node:async_hooks:211:14)
#     at Test.run (node:internal/test_runner/test:934:25)
#     at async Suite.processPendingSubtests (node:internal/test_runner/test:633:7)
# Subtest: Roommate > getSuggestions
    # Subtest: should return scored suggestions
    ok 1 - should return scored suggestions
      ---
      duration_ms: 5.2423
      ...
    # Subtest: should exclude already-matched users
    ok 2 - should exclude already-matched users
      ---
      duration_ms: 1.5762
      ...
    # Subtest: should add gender boost for same gender
    ok 3 - should add gender boost for same gender
      ---
      duration_ms: 1.3986
      ...
    # Subtest: should show hint when user has no gender
    ok 4 - should show hint when user has no gender
      ---
      duration_ms: 1.6849
      ...
    # Subtest: should return 404 when user not found
    ok 5 - should return 404 when user not found
      ---
      duration_ms: 14.4178
      ...
    # Subtest: should return 500 on error
    ok 6 - should return 500 on error
      ---
      duration_ms: 9.4467
      ...
    1..6
ok 43 - Roommate > getSuggestions
  ---
  duration_ms: 35.2615
  type: 'suite'
  ...
# Subtest: Roommate > sendRequest
    # Subtest: should create a pending request
    ok 1 - should create a pending request
      ---
      duration_ms: 2.2809
      ...
    # Subtest: should reject self-request
    ok 2 - should reject self-request
      ---
      duration_ms: 2.733
      ...
    # Subtest: should return 404 when target not found
    ok 3 - should return 404 when target not found
      ---
      duration_ms: 1.8117
      ...
    # Subtest: should return 404 when target is not tenant
    ok 4 - should return 404 when target is not tenant
      ---
      duration_ms: 1.6297
      ...
    # Subtest: should reject duplicate pending request
    ok 5 - should reject duplicate pending request
      ---
      duration_ms: 1.5558
      ...
    # Subtest: should reject if already accepted
    ok 6 - should reject if already accepted
      ---
      duration_ms: 1.1359
      ...
    # Subtest: should reject blocked match
    ok 7 - should reject blocked match
      ---
      duration_ms: 2.0467
      ...
    # Subtest: should detect reverse pending request
    ok 8 - should detect reverse pending request
      ---
      duration_ms: 2.5971
      ...
    # Subtest: should return 500 on error
    ok 9 - should return 500 on error
      ---
      duration_ms: 2.0224
      ...
    1..9
ok 44 - Roommate > sendRequest
  ---
  duration_ms: 18.7745
  type: 'suite'
  ...
# Subtest: Roommate > getMyMatches
    # Subtest: should return matches with user info
    ok 1 - should return matches with user info
      ---
      duration_ms: 1.4456
      ...
    # Subtest: should return empty list
    ok 2 - should return empty list
      ---
      duration_ms: 1.6946
      ...
    # Subtest: should return 500 on error
    ok 3 - should return 500 on error
      ---
      duration_ms: 1.6239
      ...
    1..3
ok 45 - Roommate > getMyMatches
  ---
  duration_ms: 5.1778
  type: 'suite'
  ...
# Subtest: Roommate > updateMatchStatus
    # Subtest: should accept match
    ok 1 - should accept match
      ---
      duration_ms: 1.3058
      ...
    # Subtest: should reject match
    ok 2 - should reject match
      ---
      duration_ms: 1.0694
      ...
    # Subtest: should reject invalid status value
    ok 3 - should reject invalid status value
      ---
      duration_ms: 1.0352
      ...
    # Subtest: should return 404 when match not found
    ok 4 - should return 404 when match not found
      ---
      duration_ms: 0.8833
      ...
    # Subtest: should return 403 when not the target
    ok 5 - should return 403 when not the target
      ---
      duration_ms: 0.8484
      ...
    # Subtest: should reject already processed match
    ok 6 - should reject already processed match
      ---
      duration_ms: 0.7347
      ...
    # Subtest: should reject missing status
    ok 7 - should reject missing status
      ---
      duration_ms: 0.6651
      ...
    # Subtest: should return 500 on error
    ok 8 - should return 500 on error
      ---
      duration_ms: 0.723
      ...
    1..8
ok 46 - Roommate > updateMatchStatus
  ---
  duration_ms: 7.6132
  type: 'suite'
  ...
# Search error: Error: db
#     at mockPrisma.rooms.findMany (E:\\SEP490\\ez-room-be\\test\\search.controller.test.js:117:57)
#     at Object.getPublicSearch (E:\\SEP490\\ez-room-be\\services\\search.service.js:298:38)
#     at Object.getPublicSearch (E:\\SEP490\\ez-room-be\\controllers\\search.controller.js:27:44)
#     at TestContext.<anonymous> (E:\\SEP490\\ez-room-be\\test\\search.controller.test.js:121:20)
#     at Test.runInAsyncScope (node:async_hooks:211:14)
#     at Test.run (node:internal/test_runner/test:934:25)
#     at async Suite.processPendingSubtests (node:internal/test_runner/test:633:7)
# Search error: Error: Bad filter
#     at mockPrisma.rooms.findMany (E:\\SEP490\\ez-room-be\\test\\search.controller.test.js:127:25)
#     at Object.getPublicSearch (E:\\SEP490\\ez-room-be\\services\\search.service.js:298:38)
#     at Object.getPublicSearch (E:\\SEP490\\ez-room-be\\controllers\\search.controller.js:27:44)
#     at TestContext.<anonymous> (E:\\SEP490\\ez-room-be\\test\\search.controller.test.js:134:20)
#     at Test.runInAsyncScope (node:async_hooks:211:14)
#     at Test.run (node:internal/test_runner/test:934:25)
#     at async Suite.processPendingSubtests (node:internal/test_runner/test:633:7) {
#   statusCode: 422
# }
# Search error: Error: db
#     at mockPrisma.userPreference.findUnique (E:\\SEP490\\ez-room-be\\test\\search.controller.test.js:214:68)
#     at Object.getRecommend (E:\\SEP490\\ez-room-be\\services\\search.service.js:416:31)
#     at Object.getRecommend (E:\\SEP490\\ez-room-be\\controllers\\search.controller.js:59:44)
#     at TestContext.<anonymous> (E:\\SEP490\\ez-room-be\\test\\search.controller.test.js:218:20)
#     at Test.runInAsyncScope (node:async_hooks:211:14)
#     at Test.run (node:internal/test_runner/test:934:25)
#     at async Suite.processPendingSubtests (node:internal/test_runner/test:633:7)
# Search error: Error: Forbidden
#     at mockPrisma.userPreference.findUnique (E:\\SEP490\\ez-room-be\\test\\search.controller.test.js:224:25)
#     at Object.getRecommend (E:\\SEP490\\ez-room-be\\services\\search.service.js:416:31)
#     at Object.getRecommend (E:\\SEP490\\ez-room-be\\controllers\\search.controller.js:59:44)
#     at TestContext.<anonymous> (E:\\SEP490\\ez-room-be\\test\\search.controller.test.js:231:20)
#     at Test.runInAsyncScope (node:async_hooks:211:14)
#     at Test.run (node:internal/test_runner/test:934:25)
#     at async Suite.processPendingSubtests (node:internal/test_runner/test:633:7) {
#   statusCode: 403
# }
# Subtest: Search > getPublicSearch
    # Subtest: should return scored rooms
    ok 1 - should return scored rooms
      ---
      duration_ms: 8.6064
      ...
    # Subtest: should support pagination
    ok 2 - should support pagination
      ---
      duration_ms: 1.6397
      ...
    # Subtest: should clamp invalid pagination values
    ok 3 - should clamp invalid pagination values
      ---
      duration_ms: 2.2485
      ...
    # Subtest: should filter by roomType
    ok 4 - should filter by roomType
      ---
      duration_ms: 3.1519
      ...
    # Subtest: should accept amenities query as csv string
    ok 5 - should accept amenities query as csv string
      ---
      duration_ms: 3.2644
      ...
    # Subtest: should return empty result when no rooms matched
    ok 6 - should return empty result when no rooms matched
      ---
      duration_ms: 2.0552
      ...
    # Subtest: should use user preference scoring when logged in
    ok 7 - should use user preference scoring when logged in
      ---
      duration_ms: 2.7454
      ...
    # Subtest: should return 500 on error
    ok 8 - should return 500 on error
      ---
      duration_ms: 4.0089
      ...
    # Subtest: should propagate service status code and message
    ok 9 - should propagate service status code and message
      ---
      duration_ms: 1.8291
      ...
    1..9
ok 47 - Search > getPublicSearch
  ---
  duration_ms: 32.0338
  type: 'suite'
  ...
# Subtest: Search > getRecommend
    # Subtest: should return recommendations
    ok 1 - should return recommendations
      ---
      duration_ms: 2.2257
      ...
    # Subtest: should include numeric matchScore when there are recommendations
    ok 2 - should include numeric matchScore when there are recommendations
      ---
      duration_ms: 1.2291
      ...
    # Subtest: should return 401 when not logged in
    ok 3 - should return 401 when not logged in
      ---
      duration_ms: 1.3691
      ...
    # Subtest: should exclude already favorited rooms
    ok 4 - should exclude already favorited rooms
      ---
      duration_ms: 1.1824
      ...
    # Subtest: should return hint based on favorites and preferences
    ok 5 - should return hint based on favorites and preferences
      ---
      duration_ms: 2.7813
      ...
    # Subtest: should return generic hint when no prefs or favs
    ok 6 - should return generic hint when no prefs or favs
      ---
      duration_ms: 1.6262
      ...
    # Subtest: should return 500 on error
    ok 7 - should return 500 on error
      ---
      duration_ms: 1.4332
      ...
    # Subtest: should propagate custom status code from service error
    ok 8 - should propagate custom status code from service error
      ---
      duration_ms: 1.2127
      ...
    1..8
ok 48 - Search > getRecommend
  ---
  duration_ms: 14.2569
  type: 'suite'
  ...
# Wallet error: Error: db fail
#     at mockPrisma.wallet.findUnique (E:\\SEP490\\ez-room-be\\test\\wallet.controller.test.js:46:60)
#     at ensureWallet (E:\\SEP490\\ez-room-be\\services\\wallet.service.js:219:44)
#     at Object.getMyWallet (E:\\SEP490\\ez-room-be\\services\\wallet.service.js:233:26)
#     at Object.getMyWallet (E:\\SEP490\\ez-room-be\\controllers\\wallet.controller.js:16:44)
#     at TestContext.<anonymous> (E:\\SEP490\\ez-room-be\\test\\wallet.controller.test.js:50:20)
#     at Test.runInAsyncScope (node:async_hooks:211:14)
#     at Test.run (node:internal/test_runner/test:934:25)
#     at async Suite.processPendingSubtests (node:internal/test_runner/test:633:7)
# Wallet error: Error: db fail
#     at mockPrisma.wallet.findUnique (E:\\SEP490\\ez-room-be\\test\\wallet.controller.test.js:97:60)
#     at ensureWallet (E:\\SEP490\\ez-room-be\\services\\wallet.service.js:219:44)
#     at Object.getMyWalletTransactions (E:\\SEP490\\ez-room-be\\services\\wallet.service.js:249:26)
#     at Object.getMyWalletTransactions (E:\\SEP490\\ez-room-be\\controllers\\wallet.controller.js:25:44)
#     at TestContext.<anonymous> (E:\\SEP490\\ez-room-be\\test\\wallet.controller.test.js:101:20)
#     at Test.runInAsyncScope (node:async_hooks:211:14)
#     at Test.run (node:internal/test_runner/test:934:25)
#     at async Suite.processPendingSubtests (node:internal/test_runner/test:633:7)
# Wallet error: Error: Thiß║┐u cß║Ñu h├¼nh PayOS (PAYOS_CLIENT_ID, PAYOS_API_KEY, PAYOS_CHECKSUM_KEY)
#     at getPayOSClient (E:\\SEP490\\ez-room-be\\config\\payos.js:14:13)
#     at Object.depositToWallet (E:\\SEP490\\ez-room-be\\services\\wallet.service.js:287:19)
#     at Object.depositToWallet (E:\\SEP490\\ez-room-be\\controllers\\wallet.controller.js:41:44)
#     at TestContext.<anonymous> (E:\\SEP490\\ez-room-be\\test\\wallet.controller.test.js:122:20)
#     at Test.runInAsyncScope (node:async_hooks:211:14)
#     at Test.run (node:internal/test_runner/test:934:25)
#     at async Promise.all (index 0)
#     at async Suite.run (node:internal/test_runner/test:1320:7)
#     at async Test.processPendingSubtests (node:internal/test_runner/test:633:7) {
#   statusCode: 500
# }
# Wallet error: Error: Thiß║┐u cß║Ñu h├¼nh PayOS (PAYOS_CLIENT_ID, PAYOS_API_KEY, PAYOS_CHECKSUM_KEY)
#     at getPayOSClient (E:\\SEP490\\ez-room-be\\config\\payos.js:14:13)
#     at Object.depositToWallet (E:\\SEP490\\ez-room-be\\services\\wallet.service.js:287:19)
#     at Object.depositToWallet (E:\\SEP490\\ez-room-be\\controllers\\wallet.controller.js:41:44)
#     at TestContext.<anonymous> (E:\\SEP490\\ez-room-be\\test\\wallet.controller.test.js:164:20)
#     at Test.runInAsyncScope (node:async_hooks:211:14)
#     at Test.run (node:internal/test_runner/test:934:25)
#     at async Suite.processPendingSubtests (node:internal/test_runner/test:633:7) {
#   statusCode: 500
# }
# Wallet error: TypeError: tx.$executeRaw is not a function
#     at E:\\SEP490\\ez-room-be\\services\\wallet.service.js:387:29
#     at async Object.withdrawFromWallet (E:\\SEP490\\ez-room-be\\services\\wallet.service.js:383:20)
#     at async Object.withdrawFromWallet (E:\\SEP490\\ez-room-be\\controllers\\wallet.controller.js:59:24)
#     at async TestContext.<anonymous> (E:\\SEP490\\ez-room-be\\test\\wallet.controller.test.js:185:9)
#     at async Test.run (node:internal/test_runner/test:935:9)
#     at async Promise.all (index 0)
#     at async Suite.run (node:internal/test_runner/test:1320:7)
#     at async Test.processPendingSubtests (node:internal/test_runner/test:633:7)
# Wallet error: TypeError: tx.$executeRaw is not a function
#     at E:\\SEP490\\ez-room-be\\services\\wallet.service.js:387:29
#     at async Object.withdrawFromWallet (E:\\SEP490\\ez-room-be\\services\\wallet.service.js:383:20)
#     at async Object.withdrawFromWallet (E:\\SEP490\\ez-room-be\\controllers\\wallet.controller.js:59:24)
#     at async TestContext.<anonymous> (E:\\SEP490\\ez-room-be\\test\\wallet.controller.test.js:196:9)
#     at async Test.run (node:internal/test_runner/test:935:9)
#     at async Suite.processPendingSubtests (node:internal/test_runner/test:633:7)
# Wallet error: Error: server fail
#     at mockPrisma.$transaction (E:\\SEP490\\ez-room-be\\test\\wallet.controller.test.js:217:55)
#     at Object.withdrawFromWallet (E:\\SEP490\\ez-room-be\\services\\wallet.service.js:383:33)
#     at Object.withdrawFromWallet (E:\\SEP490\\ez-room-be\\controllers\\wallet.controller.js:59:44)
#     at TestContext.<anonymous> (E:\\SEP490\\ez-room-be\\test\\wallet.controller.test.js:221:20)
#     at Test.runInAsyncScope (node:async_hooks:211:14)
#     at Test.run (node:internal/test_runner/test:934:25)
#     at async Suite.processPendingSubtests (node:internal/test_runner/test:633:7)
# Subtest: Wallet > getMyWallet
    # Subtest: should return wallet for logged in user
    ok 1 - should return wallet for logged in user
      ---
      duration_ms: 33.6001
      ...
    # Subtest: should auto-create wallet if not exists
    ok 2 - should auto-create wallet if not exists
      ---
      duration_ms: 0.8629
      ...
    # Subtest: should return 500 on DB error
    ok 3 - should return 500 on DB error
      ---
      duration_ms: 1.2652
      ...
    1..3
ok 49 - Wallet > getMyWallet
  ---
  duration_ms: 36.6409
  type: 'suite'
  ...
# Subtest: Wallet > getMyWalletTransactions
    # Subtest: should return paginated transactions
    ok 1 - should return paginated transactions
      ---
      duration_ms: 1.4201
      ...
    # Subtest: should filter by type
    ok 2 - should filter by type
      ---
      duration_ms: 0.7533
      ...
    # Subtest: should clamp page and limit params
    ok 3 - should clamp page and limit params
      ---
      duration_ms: 0.5159
      ...
    # Subtest: should return 500 on DB error
    ok 4 - should return 500 on DB error
      ---
      duration_ms: 0.6354
      ...
    1..4
ok 50 - Wallet > getMyWalletTransactions
  ---
  duration_ms: 3.7299
  type: 'suite'
  ...
# Subtest: Wallet > depositToWallet
    # Subtest: should deposit successfully
    not ok 1 - should deposit successfully
      ---
      duration_ms: 1.5328
      location: 'E:\\SEP490\\ez-room-be\\test\\wallet.controller.test.js:118:5'
      failureType: 'testCodeFailure'
      error: |-
        Expected values to be strictly equal:
        
        500 !== 200
        
      code: 'ERR_ASSERTION'
      name: 'AssertionError'
      expected: 200
      actual: 500
      operator: 'strictEqual'
      stack: |-
        TestContext.<anonymous> (E:\SEP490\ez-room-be\test\wallet.controller.test.js:123:16)
        async Test.run (node:internal/test_runner/test:935:9)
        async Promise.all (index 0)
        async Suite.run (node:internal/test_runner/test:1320:7)
        async Test.processPendingSubtests (node:internal/test_runner/test:633:7)
      ...
    # Subtest: should reject amount = 0
    ok 2 - should reject amount = 0
      ---
      duration_ms: 0.7712
      ...
    # Subtest: should reject negative amount
    ok 3 - should reject negative amount
      ---
      duration_ms: 1.1196
      ...
    # Subtest: should reject NaN amount
    ok 4 - should reject NaN amount
      ---
      duration_ms: 0.6475
      ...
    # Subtest: should reject missing amount
    ok 5 - should reject missing amount
      ---
      duration_ms: 0.4436
      ...
    # Subtest: should handle transaction error
    ok 6 - should handle transaction error
      ---
      duration_ms: 0.6925
      ...
    1..6
not ok 51 - Wallet > depositToWallet
  ---
  duration_ms: 5.7218
  type: 'suite'
  location: 'E:\\SEP490\\ez-room-be\\test\\wallet.controller.test.js:109:1'
  failureType: 'subtestsFailed'
  error: '1 subtest failed'
  code: 'ERR_TEST_FAILURE'
  ...
# Subtest: Wallet > withdrawFromWallet
    # Subtest: should withdraw successfully
    not ok 1 - should withdraw successfully
      ---
      duration_ms: 0.9841
      location: 'E:\\SEP490\\ez-room-be\\test\\wallet.controller.test.js:181:5'
      failureType: 'testCodeFailure'
      error: |-
        Expected values to be strictly equal:
        
        500 !== 200
        
      code: 'ERR_ASSERTION'
      name: 'AssertionError'
      expected: 200
      actual: 500
      operator: 'strictEqual'
      stack: |-
        TestContext.<anonymous> (E:\SEP490\ez-room-be\test\wallet.controller.test.js:186:16)
        async Test.run (node:internal/test_runner/test:935:9)
        async Promise.all (index 0)
        async Suite.run (node:internal/test_runner/test:1320:7)
        async Test.processPendingSubtests (node:internal/test_runner/test:633:7)
      ...
    # Subtest: should reject when insufficient balance
    not ok 2 - should reject when insufficient balance
      ---
      duration_ms: 0.7275
      location: 'E:\\SEP490\\ez-room-be\\test\\wallet.controller.test.js:190:5'
      failureType: 'testCodeFailure'
      error: |-
        Expected values to be strictly equal:
        
        500 !== 400
        
      code: 'ERR_ASSERTION'
      name: 'AssertionError'
      expected: 400
      actual: 500
      operator: 'strictEqual'
      stack: |-
        TestContext.<anonymous> (E:\SEP490\ez-room-be\test\wallet.controller.test.js:197:16)
        async Test.run (node:internal/test_runner/test:935:9)
        async Suite.processPendingSubtests (node:internal/test_runner/test:633:7)
      ...
    # Subtest: should reject invalid amount
    ok 3 - should reject invalid amount
      ---
      duration_ms: 0.4519
      ...
    # Subtest: should reject negative amount
    ok 4 - should reject negative amount
      ---
      duration_ms: 0.4142
      ...
    # Subtest: should return 500 on server error
    ok 5 - should return 500 on server error
      ---
      duration_ms: 0.5954
      ...
    1..5
not ok 52 - Wallet > withdrawFromWallet
  ---
  duration_ms: 3.3426
  type: 'suite'
  location: 'E:\\SEP490\\ez-room-be\\test\\wallet.controller.test.js:172:1'
  failureType: 'subtestsFailed'
  error: '2 subtests failed'
  code: 'ERR_TEST_FAILURE'
  ...
1..52
# tests 263
# suites 52
# pass 243
# fail 20
# cancelled 0
# skipped 0
# todo 0
# duration_ms 317.147
